Archive member included to satisfy reference by file (symbol)

d:/ac6/systemworkbench/plugins/fr.ac6.mcu.externaltools.arm-none.win32_1.15.0.201708311556/tools/compiler/bin/../lib/gcc/arm-none-eabi/6.3.1/../../../../arm-none-eabi/lib/thumb/v7e-m/fpv5-sp/hard\libm.a(lib_a-s_sin.o)
                              Src/main.o (sin)
d:/ac6/systemworkbench/plugins/fr.ac6.mcu.externaltools.arm-none.win32_1.15.0.201708311556/tools/compiler/bin/../lib/gcc/arm-none-eabi/6.3.1/../../../../arm-none-eabi/lib/thumb/v7e-m/fpv5-sp/hard\libm.a(lib_a-e_rem_pio2.o)
                              d:/ac6/systemworkbench/plugins/fr.ac6.mcu.externaltools.arm-none.win32_1.15.0.201708311556/tools/compiler/bin/../lib/gcc/arm-none-eabi/6.3.1/../../../../arm-none-eabi/lib/thumb/v7e-m/fpv5-sp/hard\libm.a(lib_a-s_sin.o) (__ieee754_rem_pio2)
d:/ac6/systemworkbench/plugins/fr.ac6.mcu.externaltools.arm-none.win32_1.15.0.201708311556/tools/compiler/bin/../lib/gcc/arm-none-eabi/6.3.1/../../../../arm-none-eabi/lib/thumb/v7e-m/fpv5-sp/hard\libm.a(lib_a-k_cos.o)
                              d:/ac6/systemworkbench/plugins/fr.ac6.mcu.externaltools.arm-none.win32_1.15.0.201708311556/tools/compiler/bin/../lib/gcc/arm-none-eabi/6.3.1/../../../../arm-none-eabi/lib/thumb/v7e-m/fpv5-sp/hard\libm.a(lib_a-s_sin.o) (__kernel_cos)
d:/ac6/systemworkbench/plugins/fr.ac6.mcu.externaltools.arm-none.win32_1.15.0.201708311556/tools/compiler/bin/../lib/gcc/arm-none-eabi/6.3.1/../../../../arm-none-eabi/lib/thumb/v7e-m/fpv5-sp/hard\libm.a(lib_a-k_rem_pio2.o)
                              d:/ac6/systemworkbench/plugins/fr.ac6.mcu.externaltools.arm-none.win32_1.15.0.201708311556/tools/compiler/bin/../lib/gcc/arm-none-eabi/6.3.1/../../../../arm-none-eabi/lib/thumb/v7e-m/fpv5-sp/hard\libm.a(lib_a-e_rem_pio2.o) (__kernel_rem_pio2)
d:/ac6/systemworkbench/plugins/fr.ac6.mcu.externaltools.arm-none.win32_1.15.0.201708311556/tools/compiler/bin/../lib/gcc/arm-none-eabi/6.3.1/../../../../arm-none-eabi/lib/thumb/v7e-m/fpv5-sp/hard\libm.a(lib_a-k_sin.o)
                              d:/ac6/systemworkbench/plugins/fr.ac6.mcu.externaltools.arm-none.win32_1.15.0.201708311556/tools/compiler/bin/../lib/gcc/arm-none-eabi/6.3.1/../../../../arm-none-eabi/lib/thumb/v7e-m/fpv5-sp/hard\libm.a(lib_a-s_sin.o) (__kernel_sin)
d:/ac6/systemworkbench/plugins/fr.ac6.mcu.externaltools.arm-none.win32_1.15.0.201708311556/tools/compiler/bin/../lib/gcc/arm-none-eabi/6.3.1/../../../../arm-none-eabi/lib/thumb/v7e-m/fpv5-sp/hard\libm.a(lib_a-s_fabs.o)
                              d:/ac6/systemworkbench/plugins/fr.ac6.mcu.externaltools.arm-none.win32_1.15.0.201708311556/tools/compiler/bin/../lib/gcc/arm-none-eabi/6.3.1/../../../../arm-none-eabi/lib/thumb/v7e-m/fpv5-sp/hard\libm.a(lib_a-e_rem_pio2.o) (fabs)
d:/ac6/systemworkbench/plugins/fr.ac6.mcu.externaltools.arm-none.win32_1.15.0.201708311556/tools/compiler/bin/../lib/gcc/arm-none-eabi/6.3.1/../../../../arm-none-eabi/lib/thumb/v7e-m/fpv5-sp/hard\libm.a(lib_a-s_floor.o)
                              d:/ac6/systemworkbench/plugins/fr.ac6.mcu.externaltools.arm-none.win32_1.15.0.201708311556/tools/compiler/bin/../lib/gcc/arm-none-eabi/6.3.1/../../../../arm-none-eabi/lib/thumb/v7e-m/fpv5-sp/hard\libm.a(lib_a-k_rem_pio2.o) (floor)
d:/ac6/systemworkbench/plugins/fr.ac6.mcu.externaltools.arm-none.win32_1.15.0.201708311556/tools/compiler/bin/../lib/gcc/arm-none-eabi/6.3.1/../../../../arm-none-eabi/lib/thumb/v7e-m/fpv5-sp/hard\libm.a(lib_a-s_scalbn.o)
                              d:/ac6/systemworkbench/plugins/fr.ac6.mcu.externaltools.arm-none.win32_1.15.0.201708311556/tools/compiler/bin/../lib/gcc/arm-none-eabi/6.3.1/../../../../arm-none-eabi/lib/thumb/v7e-m/fpv5-sp/hard\libm.a(lib_a-k_rem_pio2.o) (scalbn)
d:/ac6/systemworkbench/plugins/fr.ac6.mcu.externaltools.arm-none.win32_1.15.0.201708311556/tools/compiler/bin/../lib/gcc/arm-none-eabi/6.3.1/../../../../arm-none-eabi/lib/thumb/v7e-m/fpv5-sp/hard\libm.a(lib_a-s_copysign.o)
                              d:/ac6/systemworkbench/plugins/fr.ac6.mcu.externaltools.arm-none.win32_1.15.0.201708311556/tools/compiler/bin/../lib/gcc/arm-none-eabi/6.3.1/../../../../arm-none-eabi/lib/thumb/v7e-m/fpv5-sp/hard\libm.a(lib_a-s_scalbn.o) (copysign)
d:/ac6/systemworkbench/plugins/fr.ac6.mcu.externaltools.arm-none.win32_1.15.0.201708311556/tools/compiler/bin/../lib/gcc/arm-none-eabi/6.3.1/thumb/v7e-m/fpv5-sp/hard\libgcc.a(_arm_addsubdf3.o)
                              Src/main.o (__aeabi_dsub)
d:/ac6/systemworkbench/plugins/fr.ac6.mcu.externaltools.arm-none.win32_1.15.0.201708311556/tools/compiler/bin/../lib/gcc/arm-none-eabi/6.3.1/thumb/v7e-m/fpv5-sp/hard\libgcc.a(_arm_muldivdf3.o)
                              Src/main.o (__aeabi_dmul)
d:/ac6/systemworkbench/plugins/fr.ac6.mcu.externaltools.arm-none.win32_1.15.0.201708311556/tools/compiler/bin/../lib/gcc/arm-none-eabi/6.3.1/thumb/v7e-m/fpv5-sp/hard\libgcc.a(_arm_cmpdf2.o)
[...]
Memory Configuration

Name             Origin             Length             Attributes
RAM              0x20000000         0x00050000         xrw
FLASH            0x08000000         0x00100000         xr
*default*        0x00000000         0xffffffff

Linker script and memory map

LOAD d:/ac6/systemworkbench/plugins/fr.ac6.mcu.externaltools.arm-none.win32_1.15.0.201708311556/tools/compiler/bin/../lib/gcc/arm-none-eabi/6.3.1/thumb/v7e-m/fpv5-sp/hard/crti.o
LOAD d:/ac6/systemworkbench/plugins/fr.ac6.mcu.externaltools.arm-none.win32_1.15.0.201708311556/tools/compiler/bin/../lib/gcc/arm-none-eabi/6.3.1/thumb/v7e-m/fpv5-sp/hard/crtbegin.o
LOAD d:/ac6/systemworkbench/plugins/fr.ac6.mcu.externaltools.arm-none.win32_1.15.0.201708311556/tools/compiler/bin/../lib/gcc/arm-none-eabi/6.3.1/../../../../arm-none-eabi/lib/thumb/v7e-m/fpv5-sp/hard/crt0.o
LOAD Drivers/STM32F7xx_HAL_Driver/Src/stm32f7xx_hal.o
LOAD Drivers/STM32F7xx_HAL_Driver/Src/stm32f7xx_hal_adc.o
LOAD Drivers/STM32F7xx_HAL_Driver/Src/stm32f7xx_hal_adc_ex.o
LOAD Drivers/STM32F7xx_HAL_Driver/Src/stm32f7xx_hal_cortex.o
LOAD Drivers/STM32F7xx_HAL_Driver/Src/stm32f7xx_hal_dma.o
LOAD Drivers/STM32F7xx_HAL_Driver/Src/stm32f7xx_hal_dma_ex.o
LOAD Drivers/STM32F7xx_HAL_Driver/Src/stm32f7xx_hal_flash.o
LOAD Drivers/STM32F7xx_HAL_Driver/Src/stm32f7xx_hal_flash_ex.o
LOAD Drivers/STM32F7xx_HAL_Driver/Src/stm32f7xx_hal_gpio.o
LOAD Drivers/STM32F7xx_HAL_Driver/Src/stm32f7xx_hal_i2c.o
LOAD Drivers/STM32F7xx_HAL_Driver/Src/stm32f7xx_hal_i2c_ex.o
LOAD Drivers/STM32F7xx_HAL_Driver/Src/stm32f7xx_hal_pwr.o
LOAD Drivers/STM32F7xx_HAL_Driver/Src/stm32f7xx_hal_pwr_ex.o
LOAD Drivers/STM32F7xx_HAL_Driver/Src/stm32f7xx_hal_rcc.o
LOAD Drivers/STM32F7xx_HAL_Driver/Src/stm32f7xx_hal_rcc_ex.o
LOAD Drivers/STM32F7xx_HAL_Driver/Src/stm32f7xx_hal_tim.o
LOAD Drivers/STM32F7xx_HAL_Driver/Src/stm32f7xx_hal_tim_ex.o
LOAD Drivers/STM32F7xx_HAL_Driver/Src/stm32f7xx_hal_uart.o
LOAD Src/adc.o
LOAD Src/dma.o
LOAD Src/gpio.o
LOAD Src/main.o
LOAD Src/stm32f7xx_hal_msp.o
LOAD Src/stm32f7xx_it.o
LOAD Src/system_stm32f7xx.o
LOAD Src/tim.o
LOAD Src/usart.o
LOAD startup/startup_stm32f746xx.o
LOAD d:/ac6/systemworkbench/plugins/fr.ac6.mcu.externaltools.arm-none.win32_1.15.0.201708311556/tools/compiler/bin/../lib/gcc/arm-none-eabi/6.3.1/../../../../arm-none-eabi/lib/thumb/v7e-m/fpv5-sp/hard\libm.a
START GROUP
LOAD d:/ac6/systemworkbench/plugins/fr.ac6.mcu.externaltools.arm-none.win32_1.15.0.201708311556/tools/compiler/bin/../lib/gcc/arm-none-eabi/6.3.1/thumb/v7e-m/fpv5-sp/hard\libgcc.a
LOAD d:/ac6/systemworkbench/plugins/fr.ac6.mcu.externaltools.arm-none.win32_1.15.0.201708311556/tools/compiler/bin/../lib/gcc/arm-none-eabi/6.3.1/../../../../arm-none-eabi/lib/thumb/v7e-m/fpv5-sp/hard\libc_nano.a
END GROUP
START GROUP
LOAD d:/ac6/systemworkbench/plugins/fr.ac6.mcu.externaltools.arm-none.win32_1.15.0.201708311556/tools/compiler/bin/../lib/gcc/arm-none-eabi/6.3.1/thumb/v7e-m/fpv5-sp/hard\libgcc.a
LOAD d:/ac6/systemworkbench/plugins/fr.ac6.mcu.externaltools.arm-none.win32_1.15.0.201708311556/tools/compiler/bin/../lib/gcc/arm-none-eabi/6.3.1/../../../../arm-none-eabi/lib/thumb/v7e-m/fpv5-sp/hard\libc_nano.a
LOAD d:/ac6/systemworkbench/plugins/fr.ac6.mcu.externaltools.arm-none.win32_1.15.0.201708311556/tools/compiler/bin/../lib/gcc/arm-none-eabi/6.3.1/../../../../arm-none-eabi/lib/thumb/v7e-m/fpv5-sp/hard\libnosys.a
END GROUP
START GROUP
LOAD d:/ac6/systemworkbench/plugins/fr.ac6.mcu.externaltools.arm-none.win32_1.15.0.201708311556/tools/compiler/bin/../lib/gcc/arm-none-eabi/6.3.1/thumb/v7e-m/fpv5-sp/hard\libgcc.a
LOAD d:/ac6/systemworkbench/plugins/fr.ac6.mcu.externaltools.arm-none.win32_1.15.0.201708311556/tools/compiler/bin/../lib/gcc/arm-none-eabi/6.3.1/../../../../arm-none-eabi/lib/thumb/v7e-m/fpv5-sp/hard\libc_nano.a
LOAD d:/ac6/systemworkbench/plugins/fr.ac6.mcu.externaltools.arm-none.win32_1.15.0.201708311556/tools/compiler/bin/../lib/gcc/arm-none-eabi/6.3.1/../../../../arm-none-eabi/lib/thumb/v7e-m/fpv5-sp/hard\libnosys.a
END GROUP
LOAD d:/ac6/systemworkbench/plugins/fr.ac6.mcu.externaltools.arm-none.win32_1.15.0.201708311556/tools/compiler/bin/../lib/gcc/arm-none-eabi/6.3.1/thumb/v7e-m/fpv5-sp/hard/crtend.o
LOAD d:/ac6/systemworkbench/plugins/fr.ac6.mcu.externaltools.arm-none.win32_1.15.0.201708311556/tools/compiler/bin/../lib/gcc/arm-none-eabi/6.3.1/thumb/v7e-m/fpv5-sp/hard/crtn.o
                0x20050000                _estack = 0x20050000
                0x00000500                _Min_Heap_Size = 0x500
                0x00000500                _Min_Stack_Size = 0x500

.isr_vector     0x08000000      0x1c8
                0x08000000                . = ALIGN (0x4)
 *(.isr_vector)
 .isr_vector    0x08000000      0x1c8 startup/startup_stm32f746xx.o
                0x08000000                g_pfnVectors
                0x080001c8                . = ALIGN (0x4)

.text           0x080001d0     0x5ed0
                0x080001d0                . = ALIGN (0x4)
 *(.text)
 .text          0x080001d0       0x6c d:/ac6/systemworkbench/plugins/fr.ac6.mcu.externaltools.arm-none.win32_1.15.0.201708311556/tools/compiler/bin/../lib/gcc/arm-none-eabi/6.3.1/thumb/v7e-m/fpv5-sp/hard/crtbegin.o
 .text          0x0800023c      0x370 d:/ac6/systemworkbench/plugins/fr.ac6.mcu.externaltools.arm-none.win32_1.15.0.201708311556/tools/compiler/bin/../lib/gcc/arm-none-eabi/6.3.1/thumb/v7e-m/fpv5-sp/hard\libgcc.a(_arm_addsubdf3.o)
                0x0800023c                __aeabi_drsub
                0x08000244                __aeabi_dsub
                0x08000244                __subdf3
                0x08000248                __aeabi_dadd
                0x08000248                __adddf3
                0x080004c0                __floatunsidf
                0x080004c0                __aeabi_ui2d
                0x080004e0                __floatsidf
                0x080004e0                __aeabi_i2d
                0x08000504                __aeabi_f2d
                0x08000504                __extendsfdf2
                0x08000540                __floatundidf
                0x08000540                __aeabi_ul2d
                0x08000550                __floatdidf
                0x08000550                __aeabi_l2d
 .text          0x080005ac      0x424 d:/ac6/systemworkbench/plugins/fr.ac6.mcu.externaltools.arm-none.win32_1.15.0.201708311556/tools/compiler/bin/../lib/gcc/arm-none-eabi/6.3.1/thumb/v7e-m/fpv5-sp/hard\libgcc.a(_arm_muldivdf3.o)
                0x080005ac                __aeabi_dmul
                0x080005ac                __muldf3
                0x08000800                __divdf3
                0x08000800                __aeabi_ddiv
 .text          0x080009d0      0x110 d:/ac6/systemworkbench/plugins/fr.ac6.mcu.externaltools.arm-none.win32_1.15.0.201708311556/tools/compiler/bin/../lib/gcc/arm-none-eabi/6.3.1/thumb/v7e-m/fpv5-sp/hard\libgcc.a(_arm_cmpdf2.o)
                0x080009d0                __gtdf2
                0x080009d0                __gedf2
                0x080009d8                __ltdf2
                0x080009d8                __ledf2
                0x080009e0                __nedf2
                0x080009e0                __eqdf2
                0x080009e0                __cmpdf2
                0x08000a5c                __aeabi_cdrcmple
                0x08000a6c                __aeabi_cdcmpeq
                0x08000a6c                __aeabi_cdcmple
                0x08000a7c                __aeabi_dcmpeq
                0x08000a90                __aeabi_dcmplt
                0x08000aa4                __aeabi_dcmple
                0x08000ab8                __aeabi_dcmpge
                0x08000acc                __aeabi_dcmpgt
 .text          0x08000ae0       0x50 d:/ac6/systemworkbench/plugins/fr.ac6.mcu.externaltools.arm-none.win32_1.15.0.201708311556/tools/compiler/bin/../lib/gcc/arm-none-eabi/6.3.1/thumb/v7e-m/fpv5-sp/hard\libgcc.a(_arm_fixdfsi.o)
                0x08000ae0                __aeabi_d2iz
                0x08000ae0                __fixdfsi
 .text          0x08000b30       0xa0 d:/ac6/systemworkbench/plugins/fr.ac6.mcu.externaltools.arm-none.win32_1.15.0.201708311556/tools/compiler/bin/../lib/gcc/arm-none-eabi/6.3.1/thumb/v7e-m/fpv5-sp/hard\libgcc.a(_arm_truncdfsf2.o)
                0x08000b30                __truncdfsf2
                0x08000b30                __aeabi_d2f
 .text          0x08000bd0       0x30 d:/ac6/systemworkbench/plugins/fr.ac6.mcu.externaltools.arm-none.win32_1.15.0.201708311556/tools/compiler/bin/../lib/gcc/arm-none-eabi/6.3.1/thumb/v7e-m/fpv5-sp/hard\libgcc.a(_aeabi_uldivmod.o)
                0x08000bd0                __aeabi_uldivmod
 .text          0x08000c00      0x2dc d:/ac6/systemworkbench/plugins/fr.ac6.mcu.externaltools.arm-none.win32_1.15.0.201708311556/tools/compiler/bin/../lib/gcc/arm-none-eabi/6.3.1/thumb/v7e-m/fpv5-sp/hard\libgcc.a(_udivmoddi4.o)
                0x08000c00                __udivmoddi4
 .text          0x08000edc        0x4 d:/ac6/systemworkbench/plugins/fr.ac6.mcu.externaltools.arm-none.win32_1.15.0.201708311556/tools/compiler/bin/../lib/gcc/arm-none-eabi/6.3.1/thumb/v7e-m/fpv5-sp/hard\libgcc.a(_dvmd_tls.o)
                0x08000edc                __aeabi_idiv0
                0x08000edc                __aeabi_ldiv0
 .text          0x08000ee0       0xa0 d:/ac6/systemworkbench/plugins/fr.ac6.mcu.externaltools.arm-none.win32_1.15.0.201708311556/tools/compiler/bin/../lib/gcc/arm-none-eabi/6.3.1/../../../../arm-none-eabi/lib/thumb/v7e-m/fpv5-sp/hard\libc_nano.a(lib_a-memchr.o)
                0x08000ee0                memchr
 *(.text*)
 .text.HAL_InitTick
                0x08000f80       0x48 Drivers/STM32F7xx_HAL_Driver/Src/stm32f7xx_hal.o
                0x08000f80                HAL_InitTick
 .text.HAL_Init
                0x08000fc8       0x16 Drivers/STM32F7xx_HAL_Driver/Src/stm32f7xx_hal.o
                0x08000fc8                HAL_Init
 *fill*         0x08000fde        0x2 
 .text.HAL_IncTick
                0x08000fe0       0x18 Drivers/STM32F7xx_HAL_Driver/Src/stm32f7xx_hal.o
                0x08000fe0                HAL_IncTick
 .text.HAL_GetTick
                0x08000ff8        0xc Drivers/STM32F7xx_HAL_Driver/Src/stm32f7xx_hal.o
                0x08000ff8                HAL_GetTick
 .text.HAL_Delay
                0x08001004       0x28 Drivers/STM32F7xx_HAL_Driver/Src/stm32f7xx_hal.o
                0x08001004                HAL_Delay
 .text.ADC_Init
                0x0800102c      0x130 Drivers/STM32F7xx_HAL_Driver/Src/stm32f7xx_hal_adc.o
 .text.HAL_ADC_Init
                0x0800115c       0x54 Drivers/STM32F7xx_HAL_Driver/Src/stm32f7xx_hal_adc.o
                0x0800115c                HAL_ADC_Init
 .text.HAL_ADC_Start
                0x080011b0       0xf8 Drivers/STM32F7xx_HAL_Driver/Src/stm32f7xx_hal_adc.o
                0x080011b0                HAL_ADC_Start
 .text.HAL_ADC_GetValue
                0x080012a8        0x6 Drivers/STM32F7xx_HAL_Driver/Src/stm32f7xx_hal_adc.o
                0x080012a8                HAL_ADC_GetValue
 *fill*         0x080012ae        0x2 
 .text.HAL_ADC_ConfigChannel
                0x080012b0      0x1ac Drivers/STM32F7xx_HAL_Driver/Src/stm32f7xx_hal_adc.o
                0x080012b0                HAL_ADC_ConfigChannel
 .text.HAL_NVIC_SetPriorityGrouping
                0x0800145c       0x24 Drivers/STM32F7xx_HAL_Driver/Src/stm32f7xx_hal_cortex.o
                0x0800145c                HAL_NVIC_SetPriorityGrouping
 .text.HAL_NVIC_SetPriority
                0x08001480       0x60 Drivers/STM32F7xx_HAL_Driver/Src/stm32f7xx_hal_cortex.o
                0x08001480                HAL_NVIC_SetPriority
 .text.HAL_NVIC_EnableIRQ
                0x080014e0       0x18 Drivers/STM32F7xx_HAL_Driver/Src/stm32f7xx_hal_cortex.o
                0x080014e0                HAL_NVIC_EnableIRQ
 .text.HAL_SYSTICK_Config
                0x080014f8       0x2c Drivers/STM32F7xx_HAL_Driver/Src/stm32f7xx_hal_cortex.o
                0x080014f8                HAL_SYSTICK_Config
 .text.HAL_SYSTICK_CLKSourceConfig
                0x08001524       0x20 Drivers/STM32F7xx_HAL_Driver/Src/stm32f7xx_hal_cortex.o
                0x08001524                HAL_SYSTICK_CLKSourceConfig
 .text.HAL_SYSTICK_Callback
                0x08001544        0x2 Drivers/STM32F7xx_HAL_Driver/Src/stm32f7xx_hal_cortex.o
                0x08001544                HAL_SYSTICK_Callback
 .text.HAL_SYSTICK_IRQHandler
                0x08001546        0x8 Drivers/STM32F7xx_HAL_Driver/Src/stm32f7xx_hal_cortex.o
                0x08001546                HAL_SYSTICK_IRQHandler
 *fill*         0x0800154e        0x2 
 .text.DMA_CalcBaseAndBitshift
                0x08001550       0x38 Drivers/STM32F7xx_HAL_Driver/Src/stm32f7xx_hal_dma.o
 .text.DMA_CheckFifoParam
                0x08001588       0x8e Drivers/STM32F7xx_HAL_Driver/Src/stm32f7xx_hal_dma.o
 *fill*         0x08001616        0x2 
 .text.HAL_DMA_Init
                0x08001618       0xd0 Drivers/STM32F7xx_HAL_Driver/Src/stm32f7xx_hal_dma.o
                0x08001618                HAL_DMA_Init
 .text.HAL_DMA_Abort_IT
                0x080016e8       0x26 Drivers/STM32F7xx_HAL_Driver/Src/stm32f7xx_hal_dma.o
                0x080016e8                HAL_DMA_Abort_IT
 *fill*         0x0800170e        0x2 
 .text.HAL_DMA_IRQHandler
                0x08001710      0x1dc Drivers/STM32F7xx_HAL_Driver/Src/stm32f7xx_hal_dma.o
                0x08001710                HAL_DMA_IRQHandler
 .text.HAL_GPIO_Init
                0x080018ec      0x1dc Drivers/STM32F7xx_HAL_Driver/Src/stm32f7xx_hal_gpio.o
                0x080018ec                HAL_GPIO_Init
 .text.HAL_GPIO_WritePin
                0x08001ac8        0xc Drivers/STM32F7xx_HAL_Driver/Src/stm32f7xx_hal_gpio.o
                0x08001ac8                HAL_GPIO_WritePin
 .text.HAL_GPIO_TogglePin
                0x08001ad4        0x8 Drivers/STM32F7xx_HAL_Driver/Src/stm32f7xx_hal_gpio.o
                0x08001ad4                HAL_GPIO_TogglePin
 .text.HAL_GPIO_EXTI_Callback
                0x08001adc        0x2 Drivers/STM32F7xx_HAL_Driver/Src/stm32f7xx_hal_gpio.o
                0x08001adc                HAL_GPIO_EXTI_Callback
 *fill*         0x08001ade        0x2 
 .text.HAL_GPIO_EXTI_IRQHandler
                0x08001ae0       0x1c Drivers/STM32F7xx_HAL_Driver/Src/stm32f7xx_hal_gpio.o
                0x08001ae0                HAL_GPIO_EXTI_IRQHandler
 .text.HAL_RCC_OscConfig
                0x08001afc      0x3d4 Drivers/STM32F7xx_HAL_Driver/Src/stm32f7xx_hal_rcc.o
                0x08001afc                HAL_RCC_OscConfig
 .text.HAL_RCC_GetSysClockFreq
                0x08001ed0       0xd4 Drivers/STM32F7xx_HAL_Driver/Src/stm32f7xx_hal_rcc.o
                0x08001ed0                HAL_RCC_GetSysClockFreq
 .text.HAL_RCC_ClockConfig
                0x08001fa4      0x164 Drivers/STM32F7xx_HAL_Driver/Src/stm32f7xx_hal_rcc.o
                0x08001fa4                HAL_RCC_ClockConfig
 .text.HAL_RCC_GetHCLKFreq
                0x08002108        0xc Drivers/STM32F7xx_HAL_Driver/Src/stm32f7xx_hal_rcc.o
                0x08002108                HAL_RCC_GetHCLKFreq
 .text.HAL_RCC_GetPCLK1Freq
                0x08002114       0x20 Drivers/STM32F7xx_HAL_Driver/Src/stm32f7xx_hal_rcc.o
                0x08002114                HAL_RCC_GetPCLK1Freq
 .text.HAL_RCC_GetPCLK2Freq
                0x08002134       0x20 Drivers/STM32F7xx_HAL_Driver/Src/stm32f7xx_hal_rcc.o
                0x08002134                HAL_RCC_GetPCLK2Freq
 .text.HAL_RCCEx_PeriphCLKConfig
                0x08002154      0x5ac Drivers/STM32F7xx_HAL_Driver/Src/stm32f7xx_hal_rcc_ex.o
                0x08002154                HAL_RCCEx_PeriphCLKConfig
 .text.TIM_Base_SetConfig
                0x08002700      0x140 Drivers/STM32F7xx_HAL_Driver/Src/stm32f7xx_hal_tim.o
                0x08002700                TIM_Base_SetConfig
 .text.HAL_TIM_PWM_Init
                0x08002840       0x32 Drivers/STM32F7xx_HAL_Driver/Src/stm32f7xx_hal_tim.o
                0x08002840                HAL_TIM_PWM_Init
 *fill*         0x08002872        0x2 
 .text.HAL_TIM_Encoder_Init
                0x08002874       0x9c Drivers/STM32F7xx_HAL_Driver/Src/stm32f7xx_hal_tim.o
                0x08002874                HAL_TIM_Encoder_Init
 .text.TIM_OC1_SetConfig
                0x08002910       0x60 Drivers/STM32F7xx_HAL_Driver/Src/stm32f7xx_hal_tim.o
                0x08002910                TIM_OC1_SetConfig
 .text.TIM_OC2_SetConfig
                0x08002970       0x68 Drivers/STM32F7xx_HAL_Driver/Src/stm32f7xx_hal_tim.o
                0x08002970                TIM_OC2_SetConfig
 .text.TIM_OC3_SetConfig
                0x080029d8       0x68 Drivers/STM32F7xx_HAL_Driver/Src/stm32f7xx_hal_tim.o
                0x080029d8                TIM_OC3_SetConfig
 .text.TIM_OC4_SetConfig
                0x08002a40       0x54 Drivers/STM32F7xx_HAL_Driver/Src/stm32f7xx_hal_tim.o
                0x08002a40                TIM_OC4_SetConfig
 .text.TIM_CCxChannelCmd
                0x08002a94       0x1e Drivers/STM32F7xx_HAL_Driver/Src/stm32f7xx_hal_tim.o
                0x08002a94                TIM_CCxChannelCmd
 *fill*         0x08002ab2        0x2 
 .text.HAL_TIM_PWM_Start
                0x08002ab4       0x38 Drivers/STM32F7xx_HAL_Driver/Src/stm32f7xx_hal_tim.o
                0x08002ab4                HAL_TIM_PWM_Start
 .text.HAL_TIM_Encoder_Start
                0x08002aec       0x44 Drivers/STM32F7xx_HAL_Driver/Src/stm32f7xx_hal_tim.o
                0x08002aec                HAL_TIM_Encoder_Start
 .text.TIM_OC5_SetConfig
                0x08002b30       0x54 Drivers/STM32F7xx_HAL_Driver/Src/stm32f7xx_hal_tim_ex.o
 .text.TIM_OC6_SetConfig
                0x08002b84       0x54 Drivers/STM32F7xx_HAL_Driver/Src/stm32f7xx_hal_tim_ex.o
 .text.HAL_TIMEx_MasterConfigSynchronization
                0x08002bd8       0x58 Drivers/STM32F7xx_HAL_Driver/Src/stm32f7xx_hal_tim_ex.o
                0x08002bd8                HAL_TIMEx_MasterConfigSynchronization
 .text.HAL_TIMEx_ConfigBreakDeadTime
                0x08002c30       0x94 Drivers/STM32F7xx_HAL_Driver/Src/stm32f7xx_hal_tim_ex.o
                0x08002c30                HAL_TIMEx_ConfigBreakDeadTime
 .text.HAL_TIM_PWM_ConfigChannel
                0x08002cc4      0x134 Drivers/STM32F7xx_HAL_Driver/Src/stm32f7xx_hal_tim_ex.o
                0x08002cc4                HAL_TIM_PWM_ConfigChannel
 .text.UART_Transmit_IT
                0x08002df8       0x6e Drivers/STM32F7xx_HAL_Driver/Src/stm32f7xx_hal_uart.o
 .text.UART_EndRxTransfer
                0x08002e66       0x1c Drivers/STM32F7xx_HAL_Driver/Src/stm32f7xx_hal_uart.o
 .text.HAL_UART_Transmit_IT
                0x08002e82       0x4c Drivers/STM32F7xx_HAL_Driver/Src/stm32f7xx_hal_uart.o
                0x08002e82                HAL_UART_Transmit_IT
 .text.UART_WaitOnFlagUntilTimeout
                0x08002ece       0x64 Drivers/STM32F7xx_HAL_Driver/Src/stm32f7xx_hal_uart.o
                0x08002ece                UART_WaitOnFlagUntilTimeout
 .text.HAL_UART_TxCpltCallback
                0x08002f32        0x2 Drivers/STM32F7xx_HAL_Driver/Src/stm32f7xx_hal_uart.o
                0x08002f32                HAL_UART_TxCpltCallback
 .text.UART_EndTransmit_IT
                0x08002f34       0x1a Drivers/STM32F7xx_HAL_Driver/Src/stm32f7xx_hal_uart.o
 .text.HAL_UART_RxCpltCallback
                0x08002f4e        0x2 Drivers/STM32F7xx_HAL_Driver/Src/stm32f7xx_hal_uart.o
                0x08002f4e                HAL_UART_RxCpltCallback
 .text.UART_Receive_IT
                0x08002f50       0x84 Drivers/STM32F7xx_HAL_Driver/Src/stm32f7xx_hal_uart.o
 .text.HAL_UART_ErrorCallback
                0x08002fd4        0x2 Drivers/STM32F7xx_HAL_Driver/Src/stm32f7xx_hal_uart.o
                0x08002fd4                HAL_UART_ErrorCallback
 *fill*         0x08002fd6        0x2 
 .text.HAL_UART_IRQHandler
                0x08002fd8      0x138 Drivers/STM32F7xx_HAL_Driver/Src/stm32f7xx_hal_uart.o
                0x08002fd8                HAL_UART_IRQHandler
 .text.UART_DMAAbortOnError
                0x08003110       0x14 Drivers/STM32F7xx_HAL_Driver/Src/stm32f7xx_hal_uart.o
 .text.UART_SetConfig
                0x08003124      0x360 Drivers/STM32F7xx_HAL_Driver/Src/stm32f7xx_hal_uart.o
                0x08003124                UART_SetConfig
 .text.UART_AdvFeatureConfig
                0x08003484       0xca Drivers/STM32F7xx_HAL_Driver/Src/stm32f7xx_hal_uart.o
                0x08003484                UART_AdvFeatureConfig
 .text.UART_CheckIdleState
                0x0800354e       0x48 Drivers/STM32F7xx_HAL_Driver/Src/stm32f7xx_hal_uart.o
                0x0800354e                UART_CheckIdleState
 .text.HAL_UART_Init
                0x08003596       0x68 Drivers/STM32F7xx_HAL_Driver/Src/stm32f7xx_hal_uart.o
                0x08003596                HAL_UART_Init
 *fill*         0x080035fe        0x2 
 .text.MX_ADC1_Init
                0x08003600       0x70 Src/adc.o
                0x08003600                MX_ADC1_Init
 .text.MX_ADC3_Init
                0x08003670       0x70 Src/adc.o
                0x08003670                MX_ADC3_Init
 .text.HAL_ADC_MspInit
                0x080036e0      0x114 Src/adc.o
                0x080036e0                HAL_ADC_MspInit
 .text.MX_DMA_Init
                0x080037f4       0x44 Src/dma.o
                0x080037f4                MX_DMA_Init
 .text.MX_GPIO_Init
                0x08003838      0x164 Src/gpio.o
                0x08003838                MX_GPIO_Init
 *fill*         0x0800399c        0x4 
 .text.velpos_controller_step
                0x080039a0      0x2ac Src/main.o
                0x080039a0                velpos_controller_step
 .text.velpos_controller_initialize
                0x08003c4c       0x38 Src/main.o
                0x08003c4c                velpos_controller_initialize
 .text.my_min   0x08003c84       0x16 Src/main.o
                0x08003c84                my_min
 .text._Error_Handler
                0x08003c9a        0x2 Src/main.o
                0x08003c9a                _Error_Handler
 .text.SystemClock_Config
                0x08003c9c       0xdc Src/main.o
                0x08003c9c                SystemClock_Config
 .text.main     0x08003d78      0x1d8 Src/main.o
                0x08003d78                main
 .text.HAL_MspInit
                0x08003f50       0x6e Src/stm32f7xx_hal_msp.o
                0x08003f50                HAL_MspInit
 .text.NMI_Handler
                0x08003fbe        0x2 Src/stm32f7xx_it.o
                0x08003fbe                NMI_Handler
 .text.HardFault_Handler
                0x08003fc0        0x2 Src/stm32f7xx_it.o
                0x08003fc0                HardFault_Handler
 .text.MemManage_Handler
                0x08003fc2        0x2 Src/stm32f7xx_it.o
                0x08003fc2                MemManage_Handler
 .text.BusFault_Handler
                0x08003fc4        0x2 Src/stm32f7xx_it.o
                0x08003fc4                BusFault_Handler
 .text.UsageFault_Handler
                0x08003fc6        0x2 Src/stm32f7xx_it.o
                0x08003fc6                UsageFault_Handler
 .text.SVC_Handler
                0x08003fc8        0x2 Src/stm32f7xx_it.o
                0x08003fc8                SVC_Handler
 .text.DebugMon_Handler
                0x08003fca        0x2 Src/stm32f7xx_it.o
                0x08003fca                DebugMon_Handler
 .text.PendSV_Handler
                0x08003fcc        0x2 Src/stm32f7xx_it.o
                0x08003fcc                PendSV_Handler
 *fill*         0x08003fce        0x2 
 .text.SysTick_Handler
                0x08003fd0       0x64 Src/stm32f7xx_it.o
                0x08003fd0                SysTick_Handler
 .text.RCC_IRQHandler
                0x08004034        0x2 Src/stm32f7xx_it.o
                0x08004034                RCC_IRQHandler
 *fill*         0x08004036        0x2 
 .text.USART3_IRQHandler
                0x08004038       0x10 Src/stm32f7xx_it.o
                0x08004038                USART3_IRQHandler
 .text.EXTI15_10_IRQHandler
                0x08004048       0x50 Src/stm32f7xx_it.o
                0x08004048                EXTI15_10_IRQHandler
 .text.DMA2_Stream0_IRQHandler
                0x08004098       0x10 Src/stm32f7xx_it.o
                0x08004098                DMA2_Stream0_IRQHandler
 .text.DMA2_Stream1_IRQHandler
                0x080040a8       0x10 Src/stm32f7xx_it.o
                0x080040a8                DMA2_Stream1_IRQHandler
 .text.SystemInit
                0x080040b8       0x50 Src/system_stm32f7xx.o
                0x080040b8                SystemInit
 .text.MX_TIM3_Init
                0x08004108       0x70 Src/tim.o
                0x08004108                MX_TIM3_Init
 .text.HAL_TIM_PWM_MspInit
                0x08004178       0x2c Src/tim.o
                0x08004178                HAL_TIM_PWM_MspInit
 .text.HAL_TIM_Encoder_MspInit
                0x080041a4       0x4c Src/tim.o
                0x080041a4                HAL_TIM_Encoder_MspInit
 .text.HAL_TIM_MspPostInit
                0x080041f0       0x38 Src/tim.o
                0x080041f0                HAL_TIM_MspPostInit
 .text.MX_TIM1_Init
                0x08004228       0xc0 Src/tim.o
                0x08004228                MX_TIM1_Init
 .text.MX_USART3_UART_Init
                0x080042e8       0x40 Src/usart.o
                0x080042e8                MX_USART3_UART_Init
 .text.HAL_UART_MspInit
                0x08004328       0x60 Src/usart.o
                0x08004328                HAL_UART_MspInit
 .text.Reset_Handler
                0x08004388       0x50 startup/startup_stm32f746xx.o
                0x08004388                Reset_Handler
 .text.Default_Handler
                0x080043d8        0x2 startup/startup_stm32f746xx.o
                0x080043d8                RTC_Alarm_IRQHandler
                0x080043d8                EXTI2_IRQHandler
                0x080043d8                TIM8_CC_IRQHandler
                0x080043d8                UART8_IRQHandler
                0x080043d8                SPI4_IRQHandler
                0x080043d8                TIM1_CC_IRQHandler
                0x080043d8                DMA2_Stream5_IRQHandler
                0x080043d8                DMA1_Stream5_IRQHandler
                0x080043d8                PVD_IRQHandler
                0x080043d8                TAMP_STAMP_IRQHandler
                0x080043d8                CAN2_RX1_IRQHandler
                0x080043d8                EXTI3_IRQHandler
                0x080043d8                TIM8_TRG_COM_TIM14_IRQHandler
                0x080043d8                TIM1_UP_TIM10_IRQHandler
                0x080043d8                TIM8_UP_TIM13_IRQHandler
                0x080043d8                I2C3_ER_IRQHandler
                0x080043d8                EXTI0_IRQHandler
                0x080043d8                I2C2_EV_IRQHandler
                0x080043d8                DMA1_Stream2_IRQHandler
                0x080043d8                CAN1_RX0_IRQHandler
                0x080043d8                FPU_IRQHandler
                0x080043d8                OTG_HS_WKUP_IRQHandler
                0x080043d8                LTDC_ER_IRQHandler
                0x080043d8                CAN2_SCE_IRQHandler
                0x080043d8                DMA2_Stream2_IRQHandler
                0x080043d8                SPI1_IRQHandler
                0x080043d8                TIM6_DAC_IRQHandler
                0x080043d8                TIM1_BRK_TIM9_IRQHandler
                0x080043d8                DCMI_IRQHandler
                0x080043d8                CAN2_RX0_IRQHandler
                0x080043d8                DMA2_Stream3_IRQHandler
                0x080043d8                SAI2_IRQHandler
                0x080043d8                USART6_IRQHandler
                0x080043d8                CAN1_RX1_IRQHandler
                0x080043d8                UART5_IRQHandler
                0x080043d8                TIM4_IRQHandler
                0x080043d8                QUADSPI_IRQHandler
                0x080043d8                I2C1_EV_IRQHandler
                0x080043d8                DMA1_Stream6_IRQHandler
                0x080043d8                DMA1_Stream1_IRQHandler
                0x080043d8                UART4_IRQHandler
                0x080043d8                TIM3_IRQHandler
                0x080043d8                TIM8_BRK_TIM12_IRQHandler
                0x080043d8                Default_Handler
                0x080043d8                CEC_IRQHandler
                0x080043d8                ADC_IRQHandler
                0x080043d8                DMA1_Stream7_IRQHandler
                0x080043d8                SPI5_IRQHandler
                0x080043d8                TIM7_IRQHandler
                0x080043d8                SDMMC1_IRQHandler
                0x080043d8                CAN2_TX_IRQHandler
                0x080043d8                TIM5_IRQHandler
                0x080043d8                DMA2_Stream7_IRQHandler
                0x080043d8                I2C3_EV_IRQHandler
                0x080043d8                EXTI9_5_IRQHandler
                0x080043d8                RTC_WKUP_IRQHandler
                0x080043d8                LTDC_IRQHandler
                0x080043d8                ETH_WKUP_IRQHandler
                0x080043d8                SPDIF_RX_IRQHandler
                0x080043d8                SPI2_IRQHandler
                0x080043d8                OTG_HS_EP1_IN_IRQHandler
                0x080043d8                DMA1_Stream0_IRQHandler
                0x080043d8                CAN1_TX_IRQHandler
                0x080043d8                EXTI4_IRQHandler
                0x080043d8                RNG_IRQHandler
                0x080043d8                ETH_IRQHandler
                0x080043d8                OTG_HS_EP1_OUT_IRQHandler
                0x080043d8                WWDG_IRQHandler
                0x080043d8                SPI6_IRQHandler
                0x080043d8                I2C4_EV_IRQHandler
                0x080043d8                TIM2_IRQHandler
                0x080043d8                OTG_FS_WKUP_IRQHandler
                0x080043d8                TIM1_TRG_COM_TIM11_IRQHandler
                0x080043d8                OTG_HS_IRQHandler
                0x080043d8                DMA2D_IRQHandler
                0x080043d8                EXTI1_IRQHandler
                0x080043d8                UART7_IRQHandler
                0x080043d8                USART2_IRQHandler
                0x080043d8                I2C2_ER_IRQHandler
                0x080043d8                CAN1_SCE_IRQHandler
                0x080043d8                FLASH_IRQHandler
                0x080043d8                DMA2_Stream4_IRQHandler
                0x080043d8                USART1_IRQHandler
                0x080043d8                OTG_FS_IRQHandler
                0x080043d8                SPI3_IRQHandler
                0x080043d8                DMA1_Stream4_IRQHandler
                0x080043d8                I2C1_ER_IRQHandler
                0x080043d8                FMC_IRQHandler
                0x080043d8                LPTIM1_IRQHandler
                0x080043d8                I2C4_ER_IRQHandler
                0x080043d8                DMA2_Stream6_IRQHandler
                0x080043d8                SAI1_IRQHandler
                0x080043d8                DMA1_Stream3_IRQHandler
 *fill*         0x080043da        0x6 
 .text.sin      0x080043e0       0xc0 d:/ac6/systemworkbench/plugins/fr.ac6.mcu.externaltools.arm-none.win32_1.15.0.201708311556/tools/compiler/bin/../lib/gcc/arm-none-eabi/6.3.1/../../../../arm-none-eabi/lib/thumb/v7e-m/fpv5-sp/hard\libm.a(lib_a-s_sin.o)
                0x080043e0                sin
 .text.__ieee754_rem_pio2
                0x080044a0      0x44c d:/ac6/systemworkbench/plugins/fr.ac6.mcu.externaltools.arm-none.win32_1.15.0.201708311556/tools/compiler/bin/../lib/gcc/arm-none-eabi/6.3.1/../../../../arm-none-eabi/lib/thumb/v7e-m/fpv5-sp/hard\libm.a(lib_a-e_rem_pio2.o)
                0x080044a0                __ieee754_rem_pio2
 *fill*         0x080048ec        0x4 
 .text.__kernel_cos
                0x080048f0      0x284 d:/ac6/systemworkbench/plugins/fr.ac6.mcu.externaltools.arm-none.win32_1.15.0.201708311556/tools/compiler/bin/../lib/gcc/arm-none-eabi/6.3.1/../../../../arm-none-eabi/lib/thumb/v7e-m/fpv5-sp/hard\libm.a(lib_a-k_cos.o)
                0x080048f0                __kernel_cos
 *fill*         0x08004b74        0x4 
 .text.__kernel_rem_pio2
                0x08004b78      0x870 d:/ac6/systemworkbench/plugins/fr.ac6.mcu.externaltools.arm-none.win32_1.15.0.201708311556/tools/compiler/bin/../lib/gcc/arm-none-eabi/6.3.1/../../../../arm-none-eabi/lib/thumb/v7e-m/fpv5-sp/hard\libm.a(lib_a-k_rem_pio2.o)
                0x08004b78                __kernel_rem_pio2
 .text.__kernel_sin
                0x080053e8      0x194 d:/ac6/systemworkbench/plugins/fr.ac6.mcu.externaltools.arm-none.win32_1.15.0.201708311556/tools/compiler/bin/../lib/gcc/arm-none-eabi/6.3.1/../../../../arm-none-eabi/lib/thumb/v7e-m/fpv5-sp/hard\libm.a(lib_a-k_sin.o)
                0x080053e8                __kernel_sin
 .text.fabs     0x0800557c       0x10 d:/ac6/systemworkbench/plugins/fr.ac6.mcu.externaltools.arm-none.win32_1.15.0.201708311556/tools/compiler/bin/../lib/gcc/arm-none-eabi/6.3.1/../../../../arm-none-eabi/lib/thumb/v7e-m/fpv5-sp/hard\libm.a(lib_a-s_fabs.o)
                0x0800557c                fabs
 *fill*         0x0800558c        0x4 
 .text.floor    0x08005590      0x120 d:/ac6/systemworkbench/plugins/fr.ac6.mcu.externaltools.arm-none.win32_1.15.0.201708311556/tools/compiler/bin/../lib/gcc/arm-none-eabi/6.3.1/../../../../arm-none-eabi/lib/thumb/v7e-m/fpv5-sp/hard\libm.a(lib_a-s_floor.o)
                0x08005590                floor
 .text.scalbn   0x080056b0      0x10c d:/ac6/systemworkbench/plugins/fr.ac6.mcu.externaltools.arm-none.win32_1.15.0.201708311556/tools/compiler/bin/../lib/gcc/arm-none-eabi/6.3.1/../../../../arm-none-eabi/lib/thumb/v7e-m/fpv5-sp/hard\libm.a(lib_a-s_scalbn.o)
                0x080056b0                scalbn
 .text.copysign
                0x080057bc       0x1c d:/ac6/systemworkbench/plugins/fr.ac6.mcu.externaltools.arm-none.win32_1.15.0.201708311556/tools/compiler/bin/../lib/gcc/arm-none-eabi/6.3.1/../../../../arm-none-eabi/lib/thumb/v7e-m/fpv5-sp/hard\libm.a(lib_a-s_copysign.o)
                0x080057bc                copysign
 .text.__libc_init_array
                0x080057d8       0x48 d:/ac6/systemworkbench/plugins/fr.ac6.mcu.externaltools.arm-none.win32_1.15.0.201708311556/tools/compiler/bin/../lib/gcc/arm-none-eabi/6.3.1/../../../../arm-none-eabi/lib/thumb/v7e-m/fpv5-sp/hard\libc_nano.a(lib_a-init.o)
                0x080057d8                __libc_init_array
 .text.memset   0x08005820       0x10 d:/ac6/systemworkbench/plugins/fr.ac6.mcu.externaltools.arm-none.win32_1.15.0.201708311556/tools/compiler/bin/../lib/gcc/arm-none-eabi/6.3.1/../../../../arm-none-eabi/lib/thumb/v7e-m/fpv5-sp/hard\libc_nano.a(lib_a-memset.o)
                0x08005820                memset
 .text.sprintf  0x08005830       0x48 d:/ac6/systemworkbench/plugins/fr.ac6.mcu.externaltools.arm-none.win32_1.15.0.201708311556/tools/compiler/bin/../lib/gcc/arm-none-eabi/6.3.1/../../../../arm-none-eabi/lib/thumb/v7e-m/fpv5-sp/hard\libc_nano.a(lib_a-sprintf.o)
                0x08005830                siprintf
                0x08005830                sprintf
 .text.__ssputs_r
                0x08005878       0xb6 d:/ac6/systemworkbench/plugins/fr.ac6.mcu.externaltools.arm-none.win32_1.15.0.201708311556/tools/compiler/bin/../lib/gcc/arm-none-eabi/6.3.1/../../../../arm-none-eabi/lib/thumb/v7e-m/fpv5-sp/hard\libc_nano.a(lib_a-nano-svfprintf.o)
                0x08005878                __ssputs_r
 *fill*         0x0800592e        0x2 
 .text._svfprintf_r
                0x08005930      0x1e8 d:/ac6/systemworkbench/plugins/fr.ac6.mcu.externaltools.arm-none.win32_1.15.0.201708311556/tools/compiler/bin/../lib/gcc/arm-none-eabi/6.3.1/../../../../arm-none-eabi/lib/thumb/v7e-m/fpv5-sp/hard\libc_nano.a(lib_a-nano-svfprintf.o)
                0x08005930                _svfiprintf_r
                0x08005930                _svfprintf_r
 .text._printf_common
                0x08005b18       0xec d:/ac6/systemworkbench/plugins/fr.ac6.mcu.externaltools.arm-none.win32_1.15.0.201708311556/tools/compiler/bin/../lib/gcc/arm-none-eabi/6.3.1/../../../../arm-none-eabi/lib/thumb/v7e-m/fpv5-sp/hard\libc_nano.a(lib_a-nano-vfprintf_i.o)
                0x08005b18                _printf_common
 .text._printf_i
                0x08005c04      0x240 d:/ac6/systemworkbench/plugins/fr.ac6.mcu.externaltools.arm-none.win32_1.15.0.201708311556/tools/compiler/bin/../lib/gcc/arm-none-eabi/6.3.1/../../../../arm-none-eabi/lib/thumb/v7e-m/fpv5-sp/hard\libc_nano.a(lib_a-nano-vfprintf_i.o)
                0x08005c04                _printf_i
 .text.memcpy   0x08005e44       0x16 d:/ac6/systemworkbench/plugins/fr.ac6.mcu.externaltools.arm-none.win32_1.15.0.201708311556/tools/compiler/bin/../lib/gcc/arm-none-eabi/6.3.1/../../../../arm-none-eabi/lib/thumb/v7e-m/fpv5-sp/hard\libc_nano.a(lib_a-memcpy-stub.o)
                0x08005e44                memcpy
 .text.memmove  0x08005e5a       0x34 d:/ac6/systemworkbench/plugins/fr.ac6.mcu.externaltools.arm-none.win32_1.15.0.201708311556/tools/compiler/bin/../lib/gcc/arm-none-eabi/6.3.1/../../../../arm-none-eabi/lib/thumb/v7e-m/fpv5-sp/hard\libc_nano.a(lib_a-memmove.o)
                0x08005e5a                memmove
 *fill*         0x08005e8e        0x2 
 .text._free_r  0x08005e90       0x9c d:/ac6/systemworkbench/plugins/fr.ac6.mcu.externaltools.arm-none.win32_1.15.0.201708311556/tools/compiler/bin/../lib/gcc/arm-none-eabi/6.3.1/../../../../arm-none-eabi/lib/thumb/v7e-m/fpv5-sp/hard\libc_nano.a(lib_a-nano-freer.o)
                0x08005e90                _free_r
 .text._malloc_r
                0x08005f2c       0xbc d:/ac6/systemworkbench/plugins/fr.ac6.mcu.externaltools.arm-none.win32_1.15.0.201708311556/tools/compiler/bin/../lib/gcc/arm-none-eabi/6.3.1/../../../../arm-none-eabi/lib/thumb/v7e-m/fpv5-sp/hard\libc_nano.a(lib_a-nano-mallocr.o)
                0x08005f2c                _malloc_r
 .text._realloc_r
                0x08005fe8       0x4c d:/ac6/systemworkbench/plugins/fr.ac6.mcu.externaltools.arm-none.win32_1.15.0.201708311556/tools/compiler/bin/../lib/gcc/arm-none-eabi/6.3.1/../../../../arm-none-eabi/lib/thumb/v7e-m/fpv5-sp/hard\libc_nano.a(lib_a-nano-reallocr.o)
                0x08005fe8                _realloc_r
 .text._sbrk_r  0x08006034       0x20 d:/ac6/systemworkbench/plugins/fr.ac6.mcu.externaltools.arm-none.win32_1.15.0.201708311556/tools/compiler/bin/../lib/gcc/arm-none-eabi/6.3.1/../../../../arm-none-eabi/lib/thumb/v7e-m/fpv5-sp/hard\libc_nano.a(lib_a-sbrkr.o)
                0x08006034                _sbrk_r
 .text.__malloc_lock
                0x08006054        0x2 d:/ac6/systemworkbench/plugins/fr.ac6.mcu.externaltools.arm-none.win32_1.15.0.201708311556/tools/compiler/bin/../lib/gcc/arm-none-eabi/6.3.1/../../../../arm-none-eabi/lib/thumb/v7e-m/fpv5-sp/hard\libc_nano.a(lib_a-mlock.o)
                0x08006054                __malloc_lock
 .text.__malloc_unlock
                0x08006056        0x2 d:/ac6/systemworkbench/plugins/fr.ac6.mcu.externaltools.arm-none.win32_1.15.0.201708311556/tools/compiler/bin/../lib/gcc/arm-none-eabi/6.3.1/../../../../arm-none-eabi/lib/thumb/v7e-m/fpv5-sp/hard\libc_nano.a(lib_a-mlock.o)
                0x08006056                __malloc_unlock
 .text._malloc_usable_size_r
                0x08006058       0x12 d:/ac6/systemworkbench/plugins/fr.ac6.mcu.externaltools.arm-none.win32_1.15.0.201708311556/tools/compiler/bin/../lib/gcc/arm-none-eabi/6.3.1/../../../../arm-none-eabi/lib/thumb/v7e-m/fpv5-sp/hard\libc_nano.a(lib_a-nano-msizer.o)
                0x08006058                _malloc_usable_size_r
 *fill*         0x0800606a        0x2 
 .text._sbrk    0x0800606c       0x1c d:/ac6/systemworkbench/plugins/fr.ac6.mcu.externaltools.arm-none.win32_1.15.0.201708311556/tools/compiler/bin/../lib/gcc/arm-none-eabi/6.3.1/../../../../arm-none-eabi/lib/thumb/v7e-m/fpv5-sp/hard\libnosys.a(sbrk.o)
                0x0800606c                _sbrk
 *(.glue_7)
 .glue_7        0x08006088        0x0 linker stubs
 *(.glue_7t)
 .glue_7t       0x08006088        0x0 linker stubs
 *(.eh_frame)
 .eh_frame      0x08006088        0x0 d:/ac6/systemworkbench/plugins/fr.ac6.mcu.externaltools.arm-none.win32_1.15.0.201708311556/tools/compiler/bin/../lib/gcc/arm-none-eabi/6.3.1/thumb/v7e-m/fpv5-sp/hard/crtbegin.o
 *(.init)
 .init          0x08006088        0x4 d:/ac6/systemworkbench/plugins/fr.ac6.mcu.externaltools.arm-none.win32_1.15.0.201708311556/tools/compiler/bin/../lib/gcc/arm-none-eabi/6.3.1/thumb/v7e-m/fpv5-sp/hard/crti.o
                0x08006088                _init
 .init          0x0800608c        0x8 d:/ac6/systemworkbench/plugins/fr.ac6.mcu.externaltools.arm-none.win32_1.15.0.201708311556/tools/compiler/bin/../lib/gcc/arm-none-eabi/6.3.1/thumb/v7e-m/fpv5-sp/hard/crtn.o
 *(.fini)
 .fini          0x08006094        0x4 d:/ac6/systemworkbench/plugins/fr.ac6.mcu.externaltools.arm-none.win32_1.15.0.201708311556/tools/compiler/bin/../lib/gcc/arm-none-eabi/6.3.1/thumb/v7e-m/fpv5-sp/hard/crti.o
                0x08006094                _fini
 .fini          0x08006098        0x8 d:/ac6/systemworkbench/plugins/fr.ac6.mcu.externaltools.arm-none.win32_1.15.0.201708311556/tools/compiler/bin/../lib/gcc/arm-none-eabi/6.3.1/thumb/v7e-m/fpv5-sp/hard/crtn.o
                0x080060a0                . = ALIGN (0x4)
                0x080060a0                _etext = .

.vfp11_veneer   0x080060a0        0x0
 .vfp11_veneer  0x080060a0        0x0 linker stubs

.v4_bx          0x080060a0        0x0
 .v4_bx         0x080060a0        0x0 linker stubs

.iplt           0x080060a0        0x0
 .iplt          0x080060a0        0x0 d:/ac6/systemworkbench/plugins/fr.ac6.mcu.externaltools.arm-none.win32_1.15.0.201708311556/tools/compiler/bin/../lib/gcc/arm-none-eabi/6.3.1/thumb/v7e-m/fpv5-sp/hard/crtbegin.o

.rodata         0x080060a0      0x29c
                0x080060a0                . = ALIGN (0x4)
 *(.rodata)
 .rodata        0x080060a0        0x8 Drivers/STM32F7xx_HAL_Driver/Src/stm32f7xx_hal_dma.o
 .rodata        0x080060a8       0x18 Src/system_stm32f7xx.o
                0x080060a8                AHBPrescTable
                0x080060b8                APBPrescTable
 *(.rodata*)
 .rodata.str1.4
                0x080060c0        0xd Src/adc.o
 *fill*         0x080060cd        0x3 
 .rodata.str1.4
                0x080060d0        0xe Src/main.o
 *fill*         0x080060de        0x2 
 .rodata.str1.4
                0x080060e0       0x2d Src/stm32f7xx_it.o
 *fill*         0x0800610d        0x3 
 .rodata.str1.4
                0x08006110        0xd Src/tim.o
 *fill*         0x0800611d        0x3 
 .rodata.str1.4
                0x08006120       0x10 Src/usart.o
                                  0xf (size before relaxing)
 .rodata.npio2_hw
                0x08006130       0x80 d:/ac6/systemworkbench/plugins/fr.ac6.mcu.externaltools.arm-none.win32_1.15.0.201708311556/tools/compiler/bin/../lib/gcc/arm-none-eabi/6.3.1/../../../../arm-none-eabi/lib/thumb/v7e-m/fpv5-sp/hard\libm.a(lib_a-e_rem_pio2.o)
 .rodata.two_over_pi
                0x080061b0      0x108 d:/ac6/systemworkbench/plugins/fr.ac6.mcu.externaltools.arm-none.win32_1.15.0.201708311556/tools/compiler/bin/../lib/gcc/arm-none-eabi/6.3.1/../../../../arm-none-eabi/lib/thumb/v7e-m/fpv5-sp/hard\libm.a(lib_a-e_rem_pio2.o)
 .rodata.PIo2   0x080062b8       0x40 d:/ac6/systemworkbench/plugins/fr.ac6.mcu.externaltools.arm-none.win32_1.15.0.201708311556/tools/compiler/bin/../lib/gcc/arm-none-eabi/6.3.1/../../../../arm-none-eabi/lib/thumb/v7e-m/fpv5-sp/hard\libm.a(lib_a-k_rem_pio2.o)
 .rodata.init_jk
                0x080062f8       0x10 d:/ac6/systemworkbench/plugins/fr.ac6.mcu.externaltools.arm-none.win32_1.15.0.201708311556/tools/compiler/bin/../lib/gcc/arm-none-eabi/6.3.1/../../../../arm-none-eabi/lib/thumb/v7e-m/fpv5-sp/hard\libm.a(lib_a-k_rem_pio2.o)
 .rodata._svfprintf_r.str1.1
                0x08006308       0x11 d:/ac6/systemworkbench/plugins/fr.ac6.mcu.externaltools.arm-none.win32_1.15.0.201708311556/tools/compiler/bin/../lib/gcc/arm-none-eabi/6.3.1/../../../../arm-none-eabi/lib/thumb/v7e-m/fpv5-sp/hard\libc_nano.a(lib_a-nano-svfprintf.o)
 .rodata._printf_i.str1.1
                0x08006319       0x22 d:/ac6/systemworkbench/plugins/fr.ac6.mcu.externaltools.arm-none.win32_1.15.0.201708311556/tools/compiler/bin/../lib/gcc/arm-none-eabi/6.3.1/../../../../arm-none-eabi/lib/thumb/v7e-m/fpv5-sp/hard\libc_nano.a(lib_a-nano-vfprintf_i.o)
                0x0800633c                . = ALIGN (0x4)
 *fill*         0x0800633b        0x1 

.ARM.extab
 *(.ARM.extab* .gnu.linkonce.armextab.*)

.ARM            0x0800633c        0x8
                0x0800633c                __exidx_start = .
 *(.ARM.exidx*)
 .ARM.exidx     0x0800633c        0x8 d:/ac6/systemworkbench/plugins/fr.ac6.mcu.externaltools.arm-none.win32_1.15.0.201708311556/tools/compiler/bin/../lib/gcc/arm-none-eabi/6.3.1/thumb/v7e-m/fpv5-sp/hard\libgcc.a(_udivmoddi4.o)
                0x08006344                __exidx_end = .

.rel.dyn        0x08006344        0x0
 .rel.iplt      0x08006344        0x0 d:/ac6/systemworkbench/plugins/fr.ac6.mcu.externaltools.arm-none.win32_1.15.0.201708311556/tools/compiler/bin/../lib/gcc/arm-none-eabi/6.3.1/thumb/v7e-m/fpv5-sp/hard/crtbegin.o

.preinit_array  0x08006344        0x0
                0x08006344                PROVIDE (__preinit_array_start, .)
 *(.preinit_array*)
                0x08006344                PROVIDE (__preinit_array_end, .)

.init_array     0x08006344        0x4
                0x08006344                PROVIDE (__init_array_start, .)
 *(SORT(.init_array.*))
 *(.init_array*)
 .init_array    0x08006344        0x4 d:/ac6/systemworkbench/plugins/fr.ac6.mcu.externaltools.arm-none.win32_1.15.0.201708311556/tools/compiler/bin/../lib/gcc/arm-none-eabi/6.3.1/thumb/v7e-m/fpv5-sp/hard/crtbegin.o
                0x08006348                PROVIDE (__init_array_end, .)

.fini_array     0x08006348        0x4
                [!provide]                PROVIDE (__fini_array_start, .)
 *(SORT(.fini_array.*))
 *(.fini_array*)
 .fini_array    0x08006348        0x4 d:/ac6/systemworkbench/plugins/fr.ac6.mcu.externaltools.arm-none.win32_1.15.0.201708311556/tools/compiler/bin/../lib/gcc/arm-none-eabi/6.3.1/thumb/v7e-m/fpv5-sp/hard/crtbegin.o
                [!provide]                PROVIDE (__fini_array_end, .)
                0x0800634c                _sidata = LOADADDR (.data)

.data           0x20000000       0x74 load address 0x0800634c
                0x20000000                . = ALIGN (0x4)
                0x20000000                _sdata = .
 *(.data)
 .data          0x20000000        0x8 Drivers/STM32F7xx_HAL_Driver/Src/stm32f7xx_hal.o
                0x20000000                uwTickFreq
                0x20000004                uwTickPrio
 .data          0x20000008        0x4 Src/main.o
                0x20000008                theta_ref
 .data          0x2000000c        0x4 Src/system_stm32f7xx.o
                0x2000000c                SystemCoreClock
 *(.data*)
 .data._impure_ptr
                0x20000010        0x4 d:/ac6/systemworkbench/plugins/fr.ac6.mcu.externaltools.arm-none.win32_1.15.0.201708311556/tools/compiler/bin/../lib/gcc/arm-none-eabi/6.3.1/../../../../arm-none-eabi/lib/thumb/v7e-m/fpv5-sp/hard\libc_nano.a(lib_a-impure.o)
                0x20000010                _impure_ptr
 .data.impure_data
                0x20000014       0x60 d:/ac6/systemworkbench/plugins/fr.ac6.mcu.externaltools.arm-none.win32_1.15.0.201708311556/tools/compiler/bin/../lib/gcc/arm-none-eabi/6.3.1/../../../../arm-none-eabi/lib/thumb/v7e-m/fpv5-sp/hard\libc_nano.a(lib_a-impure.o)
                0x20000074                . = ALIGN (0x4)
                0x20000074                _edata = .

.jcr            0x20000074        0x0 load address 0x080063c0
 .jcr           0x20000074        0x0 d:/ac6/systemworkbench/plugins/fr.ac6.mcu.externaltools.arm-none.win32_1.15.0.201708311556/tools/compiler/bin/../lib/gcc/arm-none-eabi/6.3.1/thumb/v7e-m/fpv5-sp/hard/crtbegin.o

.igot.plt       0x20000074        0x0 load address 0x080063c0
 .igot.plt      0x20000074        0x0 d:/ac6/systemworkbench/plugins/fr.ac6.mcu.externaltools.arm-none.win32_1.15.0.201708311556/tools/compiler/bin/../lib/gcc/arm-none-eabi/6.3.1/thumb/v7e-m/fpv5-sp/hard/crtbegin.o
                0x20000074                . = ALIGN (0x4)

.bss            0x20000078      0x334 load address 0x080063c0
                0x20000078                _sbss = .
                0x20000078                __bss_start__ = _sbss
 *(.bss)
 .bss           0x20000078       0x1c d:/ac6/systemworkbench/plugins/fr.ac6.mcu.externaltools.arm-none.win32_1.15.0.201708311556/tools/compiler/bin/../lib/gcc/arm-none-eabi/6.3.1/thumb/v7e-m/fpv5-sp/hard/crtbegin.o
 .bss           0x20000094       0x68 Src/stm32f7xx_it.o
 *(.bss*)
 .bss.__malloc_free_list
                0x200000fc        0x4 d:/ac6/systemworkbench/plugins/fr.ac6.mcu.externaltools.arm-none.win32_1.15.0.201708311556/tools/compiler/bin/../lib/gcc/arm-none-eabi/6.3.1/../../../../arm-none-eabi/lib/thumb/v7e-m/fpv5-sp/hard\libc_nano.a(lib_a-nano-mallocr.o)
                0x200000fc                __malloc_free_list
 .bss.__malloc_sbrk_start
                0x20000100        0x4 d:/ac6/systemworkbench/plugins/fr.ac6.mcu.externaltools.arm-none.win32_1.15.0.201708311556/tools/compiler/bin/../lib/gcc/arm-none-eabi/6.3.1/../../../../arm-none-eabi/lib/thumb/v7e-m/fpv5-sp/hard\libc_nano.a(lib_a-nano-mallocr.o)
                0x20000100                __malloc_sbrk_start
 .bss.heap_end.5239
                0x20000104        0x4 d:/ac6/systemworkbench/plugins/fr.ac6.mcu.externaltools.arm-none.win32_1.15.0.201708311556/tools/compiler/bin/../lib/gcc/arm-none-eabi/6.3.1/../../../../arm-none-eabi/lib/thumb/v7e-m/fpv5-sp/hard\libnosys.a(sbrk.o)
 *(COMMON)
 COMMON         0x20000108        0x4 Drivers/STM32F7xx_HAL_Driver/Src/stm32f7xx_hal.o
                0x20000108                uwTick
 COMMON         0x2000010c      0x150 Src/adc.o
                0x2000010c                hdma_adc3
                0x2000016c                hadc1
                0x200001b4                hadc3
                0x200001fc                hdma_adc1
 *fill*         0x2000025c        0x4 
 COMMON         0x20000260       0x58 Src/main.o
                0x20000260                velpos_controller_M_
                0x20000268                V_in
                0x20000270                deg
                0x20000274                cs_global_hb
                0x20000278                dutycycle
                0x2000027c                V_in2
                0x20000280                cs_global_hs
                0x20000284                theta_err
                0x20000288                velpos_controller_U
                0x20000298                velpos_controller_DW
 COMMON         0x200002b8       0x80 Src/tim.o
                0x200002b8                htim3
                0x200002f8                htim1
 COMMON         0x20000338       0x70 Src/usart.o
                0x20000338                huart3
 COMMON         0x200003a8        0x4 d:/ac6/systemworkbench/plugins/fr.ac6.mcu.externaltools.arm-none.win32_1.15.0.201708311556/tools/compiler/bin/../lib/gcc/arm-none-eabi/6.3.1/../../../../arm-none-eabi/lib/thumb/v7e-m/fpv5-sp/hard\libc_nano.a(lib_a-reent.o)
                0x200003a8                errno
                0x200003ac                . = ALIGN (0x4)
                0x200003ac                _ebss = .
                0x200003ac                __bss_end__ = _ebss

._user_heap_stack
                0x200003ac      0xa04 load address 0x080063c0
                0x200003b0                . = ALIGN (0x8)
 *fill*         0x200003ac        0x4 
                0x200003b0                PROVIDE (end, .)
                [!provide]                PROVIDE (_end, .)
                0x200008b0                . = (. + _Min_Heap_Size)
 *fill*         0x200003b0      0x500 
                0x20000db0                . = (. + _Min_Stack_Size)
 *fill*         0x200008b0      0x500 
                0x20000db0                . = ALIGN (0x8)

/DISCARD/
 libc.a(*)
 libm.a(*)
 libgcc.a(*)

.ARM.attributes
                0x00000000       0x30
 *(.ARM.attributes)
 .ARM.attributes
                0x00000000       0x22 d:/ac6/systemworkbench/plugins/fr.ac6.mcu.externaltools.arm-none.win32_1.15.0.201708311556/tools/compiler/bin/../lib/gcc/arm-none-eabi/6.3.1/thumb/v7e-m/fpv5-sp/hard/crti.o
 .ARM.attributes
                0x00000022       0x34 d:/ac6/systemworkbench/plugins/fr.ac6.mcu.externaltools.arm-none.win32_1.15.0.201708311556/tools/compiler/bin/../lib/gcc/arm-none-eabi/6.3.1/thumb/v7e-m/fpv5-sp/hard/crtbegin.o
 .ARM.attributes
                0x00000056       0x39 Drivers/STM32F7xx_HAL_Driver/Src/stm32f7xx_hal.o
 .ARM.attributes
                0x0000008f       0x39 Drivers/STM32F7xx_HAL_Driver/Src/stm32f7xx_hal_adc.o
 .ARM.attributes
                0x000000c8       0x39 Drivers/STM32F7xx_HAL_Driver/Src/stm32f7xx_hal_cortex.o
 .ARM.attributes
                0x00000101       0x39 Drivers/STM32F7xx_HAL_Driver/Src/stm32f7xx_hal_dma.o
 .ARM.attributes
                0x0000013a       0x39 Drivers/STM32F7xx_HAL_Driver/Src/stm32f7xx_hal_gpio.o
 .ARM.attributes
                0x00000173       0x39 Drivers/STM32F7xx_HAL_Driver/Src/stm32f7xx_hal_rcc.o
 .ARM.attributes
                0x000001ac       0x39 Drivers/STM32F7xx_HAL_Driver/Src/stm32f7xx_hal_rcc_ex.o
 .ARM.attributes
                0x000001e5       0x39 Drivers/STM32F7xx_HAL_Driver/Src/stm32f7xx_hal_tim.o
 .ARM.attributes
                0x0000021e       0x39 Drivers/STM32F7xx_HAL_Driver/Src/stm32f7xx_hal_tim_ex.o
 .ARM.attributes
                0x00000257       0x39 Drivers/STM32F7xx_HAL_Driver/Src/stm32f7xx_hal_uart.o
 .ARM.attributes
                0x00000290       0x39 Src/adc.o
 .ARM.attributes
                0x000002c9       0x39 Src/dma.o
 .ARM.attributes
                0x00000302       0x39 Src/gpio.o
 .ARM.attributes
                0x0000033b       0x39 Src/main.o
 .ARM.attributes
                0x00000374       0x39 Src/stm32f7xx_hal_msp.o
 .ARM.attributes
                0x000003ad       0x39 Src/stm32f7xx_it.o
 .ARM.attributes
                0x000003e6       0x39 Src/system_stm32f7xx.o
 .ARM.attributes
                0x0000041f       0x39 Src/tim.o
 .ARM.attributes
                0x00000458       0x39 Src/usart.o
 .ARM.attributes
                0x00000491       0x21 startup/startup_stm32f746xx.o
 .ARM.attributes
                0x000004b2       0x34 d:/ac6/systemworkbench/plugins/fr.ac6.mcu.externaltools.arm-none.win32_1.15.0.201708311556/tools/compiler/bin/../lib/gcc/arm-none-eabi/6.3.1/../../../../arm-none-eabi/lib/thumb/v7e-m/fpv5-sp/hard\libm.a(lib_a-s_sin.o)
 .ARM.attributes
                0x000004e6       0x34 d:/ac6/systemworkbench/plugins/fr.ac6.mcu.externaltools.arm-none.win32_1.15.0.201708311556/tools/compiler/bin/../lib/gcc/arm-none-eabi/6.3.1/../../../../arm-none-eabi/lib/thumb/v7e-m/fpv5-sp/hard\libm.a(lib_a-e_rem_pio2.o)
 .ARM.attributes
                0x0000051a       0x34 d:/ac6/systemworkbench/plugins/fr.ac6.mcu.externaltools.arm-none.win32_1.15.0.201708311556/tools/compiler/bin/../lib/gcc/arm-none-eabi/6.3.1/../../../../arm-none-eabi/lib/thumb/v7e-m/fpv5-sp/hard\libm.a(lib_a-k_cos.o)
 .ARM.attributes
                0x0000054e       0x34 d:/ac6/systemworkbench/plugins/fr.ac6.mcu.externaltools.arm-none.win32_1.15.0.201708311556/tools/compiler/bin/../lib/gcc/arm-none-eabi/6.3.1/../../../../arm-none-eabi/lib/thumb/v7e-m/fpv5-sp/hard\libm.a(lib_a-k_rem_pio2.o)
 .ARM.attributes
                0x00000582       0x34 d:/ac6/systemworkbench/plugins/fr.ac6.mcu.externaltools.arm-none.win32_1.15.0.201708311556/tools/compiler/bin/../lib/gcc/arm-none-eabi/6.3.1/../../../../arm-none-eabi/lib/thumb/v7e-m/fpv5-sp/hard\libm.a(lib_a-k_sin.o)
 .ARM.attributes
                0x000005b6       0x34 d:/ac6/systemworkbench/plugins/fr.ac6.mcu.externaltools.arm-none.win32_1.15.0.201708311556/tools/compiler/bin/../lib/gcc/arm-none-eabi/6.3.1/../../../../arm-none-eabi/lib/thumb/v7e-m/fpv5-sp/hard\libm.a(lib_a-s_fabs.o)
 .ARM.attributes
                0x000005ea       0x34 d:/ac6/systemworkbench/plugins/fr.ac6.mcu.externaltools.arm-none.win32_1.15.0.201708311556/tools/compiler/bin/../lib/gcc/arm-none-eabi/6.3.1/../../../../arm-none-eabi/lib/thumb/v7e-m/fpv5-sp/hard\libm.a(lib_a-s_floor.o)
 .ARM.attributes
                0x0000061e       0x34 d:/ac6/systemworkbench/plugins/fr.ac6.mcu.externaltools.arm-none.win32_1.15.0.201708311556/tools/compiler/bin/../lib/gcc/arm-none-eabi/6.3.1/../../../../arm-none-eabi/lib/thumb/v7e-m/fpv5-sp/hard\libm.a(lib_a-s_scalbn.o)
 .ARM.attributes
                0x00000652       0x34 d:/ac6/systemworkbench/plugins/fr.ac6.mcu.externaltools.arm-none.win32_1.15.0.201708311556/tools/compiler/bin/../lib/gcc/arm-none-eabi/6.3.1/../../../../arm-none-eabi/lib/thumb/v7e-m/fpv5-sp/hard\libm.a(lib_a-s_copysign.o)
 .ARM.attributes
                0x00000686       0x22 d:/ac6/systemworkbench/plugins/fr.ac6.mcu.externaltools.arm-none.win32_1.15.0.201708311556/tools/compiler/bin/../lib/gcc/arm-none-eabi/6.3.1/thumb/v7e-m/fpv5-sp/hard\libgcc.a(_arm_addsubdf3.o)
 .ARM.attributes
                0x000006a8       0x22 d:/ac6/systemworkbench/plugins/fr.ac6.mcu.externaltools.arm-none.win32_1.15.0.201708311556/tools/compiler/bin/../lib/gcc/arm-none-eabi/6.3.1/thumb/v7e-m/fpv5-sp/hard\libgcc.a(_arm_muldivdf3.o)
 .ARM.attributes
                0x000006ca       0x22 d:/ac6/systemworkbench/plugins/fr.ac6.mcu.externaltools.arm-none.win32_1.15.0.201708311556/tools/compiler/bin/../lib/gcc/arm-none-eabi/6.3.1/thumb/v7e-m/fpv5-sp/hard\libgcc.a(_arm_cmpdf2.o)
 .ARM.attributes
                0x000006ec       0x22 d:/ac6/systemworkbench/plugins/fr.ac6.mcu.externaltools.arm-none.win32_1.15.0.201708311556/tools/compiler/bin/../lib/gcc/arm-none-eabi/6.3.1/thumb/v7e-m/fpv5-sp/hard\libgcc.a(_arm_fixdfsi.o)
 .ARM.attributes
                0x0000070e       0x22 d:/ac6/systemworkbench/plugins/fr.ac6.mcu.externaltools.arm-none.win32_1.15.0.201708311556/tools/compiler/bin/../lib/gcc/arm-none-eabi/6.3.1/thumb/v7e-m/fpv5-sp/hard\libgcc.a(_arm_truncdfsf2.o)
 .ARM.attributes
                0x00000730       0x22 d:/ac6/systemworkbench/plugins/fr.ac6.mcu.externaltools.arm-none.win32_1.15.0.201708311556/tools/compiler/bin/../lib/gcc/arm-none-eabi/6.3.1/thumb/v7e-m/fpv5-sp/hard\libgcc.a(_aeabi_uldivmod.o)
 .ARM.attributes
                0x00000752       0x34 d:/ac6/systemworkbench/plugins/fr.ac6.mcu.externaltools.arm-none.win32_1.15.0.201708311556/tools/compiler/bin/../lib/gcc/arm-none-eabi/6.3.1/thumb/v7e-m/fpv5-sp/hard\libgcc.a(_udivmoddi4.o)
 .ARM.attributes
                0x00000786       0x22 d:/ac6/systemworkbench/plugins/fr.ac6.mcu.externaltools.arm-none.win32_1.15.0.201708311556/tools/compiler/bin/../lib/gcc/arm-none-eabi/6.3.1/thumb/v7e-m/fpv5-sp/hard\libgcc.a(_dvmd_tls.o)
 .ARM.attributes
                0x000007a8       0x34 d:/ac6/systemworkbench/plugins/fr.ac6.mcu.externaltools.arm-none.win32_1.15.0.201708311556/tools/compiler/bin/../lib/gcc/arm-none-eabi/6.3.1/../../../../arm-none-eabi/lib/thumb/v7e-m/fpv5-sp/hard\libc_nano.a(lib_a-impure.o)
 .ARM.attributes
                0x000007dc       0x34 d:/ac6/systemworkbench/plugins/fr.ac6.mcu.externaltools.arm-none.win32_1.15.0.201708311556/tools/compiler/bin/../lib/gcc/arm-none-eabi/6.3.1/../../../../arm-none-eabi/lib/thumb/v7e-m/fpv5-sp/hard\libc_nano.a(lib_a-init.o)
 .ARM.attributes
                0x00000810       0x34 d:/ac6/systemworkbench/plugins/fr.ac6.mcu.externaltools.arm-none.win32_1.15.0.201708311556/tools/compiler/bin/../lib/gcc/arm-none-eabi/6.3.1/../../../../arm-none-eabi/lib/thumb/v7e-m/fpv5-sp/hard\libc_nano.a(lib_a-memset.o)
 .ARM.attributes
                0x00000844       0x34 d:/ac6/systemworkbench/plugins/fr.ac6.mcu.externaltools.arm-none.win32_1.15.0.201708311556/tools/compiler/bin/../lib/gcc/arm-none-eabi/6.3.1/../../../../arm-none-eabi/lib/thumb/v7e-m/fpv5-sp/hard\libc_nano.a(lib_a-sprintf.o)
 .ARM.attributes
                0x00000878       0x34 d:/ac6/systemworkbench/plugins/fr.ac6.mcu.externaltools.arm-none.win32_1.15.0.201708311556/tools/compiler/bin/../lib/gcc/arm-none-eabi/6.3.1/../../../../arm-none-eabi/lib/thumb/v7e-m/fpv5-sp/hard\libc_nano.a(lib_a-nano-svfprintf.o)
 .ARM.attributes
                0x000008ac       0x34 d:/ac6/systemworkbench/plugins/fr.ac6.mcu.externaltools.arm-none.win32_1.15.0.201708311556/tools/compiler/bin/../lib/gcc/arm-none-eabi/6.3.1/../../../../arm-none-eabi/lib/thumb/v7e-m/fpv5-sp/hard\libc_nano.a(lib_a-nano-vfprintf_i.o)
 .ARM.attributes
                0x000008e0       0x20 d:/ac6/systemworkbench/plugins/fr.ac6.mcu.externaltools.arm-none.win32_1.15.0.201708311556/tools/compiler/bin/../lib/gcc/arm-none-eabi/6.3.1/../../../../arm-none-eabi/lib/thumb/v7e-m/fpv5-sp/hard\libc_nano.a(lib_a-memchr.o)
 .ARM.attributes
                0x00000900       0x34 d:/ac6/systemworkbench/plugins/fr.ac6.mcu.externaltools.arm-none.win32_1.15.0.201708311556/tools/compiler/bin/../lib/gcc/arm-none-eabi/6.3.1/../../../../arm-none-eabi/lib/thumb/v7e-m/fpv5-sp/hard\libc_nano.a(lib_a-memcpy-stub.o)
 .ARM.attributes
                0x00000934       0x34 d:/ac6/systemworkbench/plugins/fr.ac6.mcu.externaltools.arm-none.win32_1.15.0.201708311556/tools/compiler/bin/../lib/gcc/arm-none-eabi/6.3.1/../../../../arm-none-eabi/lib/thumb/v7e-m/fpv5-sp/hard\libc_nano.a(lib_a-memmove.o)
 .ARM.attributes
                0x00000968       0x34 d:/ac6/systemworkbench/plugins/fr.ac6.mcu.externaltools.arm-none.win32_1.15.0.201708311556/tools/compiler/bin/../lib/gcc/arm-none-eabi/6.3.1/../../../../arm-none-eabi/lib/thumb/v7e-m/fpv5-sp/hard\libc_nano.a(lib_a-nano-freer.o)
 .ARM.attributes
                0x0000099c       0x34 d:/ac6/systemworkbench/plugins/fr.ac6.mcu.externaltools.arm-none.win32_1.15.0.201708311556/tools/compiler/bin/../lib/gcc/arm-none-eabi/6.3.1/../../../../arm-none-eabi/lib/thumb/v7e-m/fpv5-sp/hard\libc_nano.a(lib_a-nano-mallocr.o)
 .ARM.attributes
                0x000009d0       0x34 d:/ac6/systemworkbench/plugins/fr.ac6.mcu.externaltools.arm-none.win32_1.15.0.201708311556/tools/compiler/bin/../lib/gcc/arm-none-eabi/6.3.1/../../../../arm-none-eabi/lib/thumb/v7e-m/fpv5-sp/hard\libc_nano.a(lib_a-nano-reallocr.o)
 .ARM.attributes
                0x00000a04       0x34 d:/ac6/systemworkbench/plugins/fr.ac6.mcu.externaltools.arm-none.win32_1.15.0.201708311556/tools/compiler/bin/../lib/gcc/arm-none-eabi/6.3.1/../../../../arm-none-eabi/lib/thumb/v7e-m/fpv5-sp/hard\libc_nano.a(lib_a-sbrkr.o)
 .ARM.attributes
                0x00000a38       0x34 d:/ac6/systemworkbench/plugins/fr.ac6.mcu.externaltools.arm-none.win32_1.15.0.201708311556/tools/compiler/bin/../lib/gcc/arm-none-eabi/6.3.1/../../../../arm-none-eabi/lib/thumb/v7e-m/fpv5-sp/hard\libc_nano.a(lib_a-mlock.o)
 .ARM.attributes
                0x00000a6c       0x34 d:/ac6/systemworkbench/plugins/fr.ac6.mcu.externaltools.arm-none.win32_1.15.0.201708311556/tools/compiler/bin/../lib/gcc/arm-none-eabi/6.3.1/../../../../arm-none-eabi/lib/thumb/v7e-m/fpv5-sp/hard\libc_nano.a(lib_a-nano-msizer.o)
 .ARM.attributes
                0x00000aa0       0x34 d:/ac6/systemworkbench/plugins/fr.ac6.mcu.externaltools.arm-none.win32_1.15.0.201708311556/tools/compiler/bin/../lib/gcc/arm-none-eabi/6.3.1/../../../../arm-none-eabi/lib/thumb/v7e-m/fpv5-sp/hard\libc_nano.a(lib_a-reent.o)
 .ARM.attributes
                0x00000ad4       0x34 d:/ac6/systemworkbench/plugins/fr.ac6.mcu.externaltools.arm-none.win32_1.15.0.201708311556/tools/compiler/bin/../lib/gcc/arm-none-eabi/6.3.1/../../../../arm-none-eabi/lib/thumb/v7e-m/fpv5-sp/hard\libnosys.a(sbrk.o)
 .ARM.attributes
                0x00000b08       0x22 d:/ac6/systemworkbench/plugins/fr.ac6.mcu.externaltools.arm-none.win32_1.15.0.201708311556/tools/compiler/bin/../lib/gcc/arm-none-eabi/6.3.1/thumb/v7e-m/fpv5-sp/hard/crtn.o
OUTPUT(enc3.elf elf32-littlearm)

.debug_info     0x00000000    0x1b54d
 .debug_info    0x00000000     0x1280 Drivers/STM32F7xx_HAL_Driver/Src/stm32f7xx_hal.o
 .debug_info    0x00001280     0x1584 Drivers/STM32F7xx_HAL_Driver/Src/stm32f7xx_hal_adc.o
 .debug_info    0x00002804     0x197c Drivers/STM32F7xx_HAL_Driver/Src/stm32f7xx_hal_cortex.o
 .debug_info    0x00004180     0x127e Drivers/STM32F7xx_HAL_Driver/Src/stm32f7xx_hal_dma.o
 .debug_info    0x000053fe      0xfbe Drivers/STM32F7xx_HAL_Driver/Src/stm32f7xx_hal_gpio.o
 .debug_info    0x000063bc     0x1310 Drivers/STM32F7xx_HAL_Driver/Src/stm32f7xx_hal_rcc.o
 .debug_info    0x000076cc     0x107e Drivers/STM32F7xx_HAL_Driver/Src/stm32f7xx_hal_rcc_ex.o
 .debug_info    0x0000874a     0x3710 Drivers/STM32F7xx_HAL_Driver/Src/stm32f7xx_hal_tim.o
 .debug_info    0x0000be5a     0x1ed0 Drivers/STM32F7xx_HAL_Driver/Src/stm32f7xx_hal_tim_ex.o
 .debug_info    0x0000dd2a     0x206e Drivers/STM32F7xx_HAL_Driver/Src/stm32f7xx_hal_uart.o
 .debug_info    0x0000fd98     0x1442 Src/adc.o
 .debug_info    0x000111da      0xe47 Src/dma.o
 .debug_info    0x00012021     0x1123 Src/gpio.o
 .debug_info    0x00013144     0x2928 Src/main.o
 .debug_info    0x00015a6c      0xd11 Src/stm32f7xx_hal_msp.o
 .debug_info    0x0001677d     0x1212 Src/stm32f7xx_it.o
 .debug_info    0x0001798f      0xf19 Src/system_stm32f7xx.o
 .debug_info    0x000188a8     0x16a8 Src/tim.o
 .debug_info    0x00019f50     0x1593 Src/usart.o
 .debug_info    0x0001b4e3       0x6a startup/startup_stm32f746xx.o

.debug_abbrev   0x00000000     0x3446
 .debug_abbrev  0x00000000      0x2e3 Drivers/STM32F7xx_HAL_Driver/Src/stm32f7xx_hal.o
 .debug_abbrev  0x000002e3      0x2cb Drivers/STM32F7xx_HAL_Driver/Src/stm32f7xx_hal_adc.o
 .debug_abbrev  0x000005ae      0x3d4 Drivers/STM32F7xx_HAL_Driver/Src/stm32f7xx_hal_cortex.o
 .debug_abbrev  0x00000982      0x328 Drivers/STM32F7xx_HAL_Driver/Src/stm32f7xx_hal_dma.o
 .debug_abbrev  0x00000caa      0x2a5 Drivers/STM32F7xx_HAL_Driver/Src/stm32f7xx_hal_gpio.o
 .debug_abbrev  0x00000f4f      0x2ff Drivers/STM32F7xx_HAL_Driver/Src/stm32f7xx_hal_rcc.o
 .debug_abbrev  0x0000124e      0x29c Drivers/STM32F7xx_HAL_Driver/Src/stm32f7xx_hal_rcc_ex.o
 .debug_abbrev  0x000014ea      0x2b1 Drivers/STM32F7xx_HAL_Driver/Src/stm32f7xx_hal_tim.o
 .debug_abbrev  0x0000179b      0x2dc Drivers/STM32F7xx_HAL_Driver/Src/stm32f7xx_hal_tim_ex.o
 .debug_abbrev  0x00001a77      0x312 Drivers/STM32F7xx_HAL_Driver/Src/stm32f7xx_hal_uart.o
 .debug_abbrev  0x00001d89      0x272 Src/adc.o
 .debug_abbrev  0x00001ffb      0x232 Src/dma.o
 .debug_abbrev  0x0000222d      0x243 Src/gpio.o
 .debug_abbrev  0x00002470      0x418 Src/main.o
 .debug_abbrev  0x00002888      0x209 Src/stm32f7xx_hal_msp.o
 .debug_abbrev  0x00002a91      0x2b5 Src/stm32f7xx_it.o
 .debug_abbrev  0x00002d46      0x212 Src/system_stm32f7xx.o
 .debug_abbrev  0x00002f58      0x27d Src/tim.o
 .debug_abbrev  0x000031d5      0x25f Src/usart.o
 .debug_abbrev  0x00003434       0x12 startup/startup_stm32f746xx.o

.debug_loc      0x00000000     0x9274
 .debug_loc     0x00000000      0x108 Drivers/STM32F7xx_HAL_Driver/Src/stm32f7xx_hal.o
 .debug_loc     0x00000108      0x853 Drivers/STM32F7xx_HAL_Driver/Src/stm32f7xx_hal_adc.o
 .debug_loc     0x0000095b      0x5c0 Drivers/STM32F7xx_HAL_Driver/Src/stm32f7xx_hal_cortex.o
 .debug_loc     0x00000f1b      0xb59 Drivers/STM32F7xx_HAL_Driver/Src/stm32f7xx_hal_dma.o
 .debug_loc     0x00001a74      0x409 Drivers/STM32F7xx_HAL_Driver/Src/stm32f7xx_hal_gpio.o
 .debug_loc     0x00001e7d      0x4a2 Drivers/STM32F7xx_HAL_Driver/Src/stm32f7xx_hal_rcc.o
 .debug_loc     0x0000231f      0x607 Drivers/STM32F7xx_HAL_Driver/Src/stm32f7xx_hal_rcc_ex.o
 .debug_loc     0x00002926     0x352a Drivers/STM32F7xx_HAL_Driver/Src/stm32f7xx_hal_tim.o
 .debug_loc     0x00005e50     0x1857 Drivers/STM32F7xx_HAL_Driver/Src/stm32f7xx_hal_tim_ex.o
 .debug_loc     0x000076a7     0x16aa Drivers/STM32F7xx_HAL_Driver/Src/stm32f7xx_hal_uart.o
 .debug_loc     0x00008d51       0x94 Src/adc.o
 .debug_loc     0x00008de5      0x248 Src/main.o
 .debug_loc     0x0000902d       0x32 Src/stm32f7xx_it.o
 .debug_loc     0x0000905f      0x13e Src/system_stm32f7xx.o
 .debug_loc     0x0000919d       0x7c Src/tim.o
 .debug_loc     0x00009219       0x5b Src/usart.o

.debug_aranges  0x00000000      0xd08
 .debug_aranges
                0x00000000      0x100 Drivers/STM32F7xx_HAL_Driver/Src/stm32f7xx_hal.o
 .debug_aranges
                0x00000100       0xe8 Drivers/STM32F7xx_HAL_Driver/Src/stm32f7xx_hal_adc.o
 .debug_aranges
                0x000001e8       0xa8 Drivers/STM32F7xx_HAL_Driver/Src/stm32f7xx_hal_cortex.o
 .debug_aranges
                0x00000290       0x90 Drivers/STM32F7xx_HAL_Driver/Src/stm32f7xx_hal_dma.o
 .debug_aranges
                0x00000320       0x58 Drivers/STM32F7xx_HAL_Driver/Src/stm32f7xx_hal_gpio.o
 .debug_aranges
                0x00000378       0x88 Drivers/STM32F7xx_HAL_Driver/Src/stm32f7xx_hal_rcc.o
 .debug_aranges
                0x00000400       0x50 Drivers/STM32F7xx_HAL_Driver/Src/stm32f7xx_hal_rcc_ex.o
 .debug_aranges
                0x00000450      0x368 Drivers/STM32F7xx_HAL_Driver/Src/stm32f7xx_hal_tim.o
 .debug_aranges
                0x000007b8      0x170 Drivers/STM32F7xx_HAL_Driver/Src/stm32f7xx_hal_tim_ex.o
 .debug_aranges
                0x00000928      0x190 Drivers/STM32F7xx_HAL_Driver/Src/stm32f7xx_hal_uart.o
 .debug_aranges
                0x00000ab8       0x38 Src/adc.o
 .debug_aranges
                0x00000af0       0x20 Src/dma.o
 .debug_aranges
                0x00000b10       0x20 Src/gpio.o
 .debug_aranges
                0x00000b30       0x60 Src/main.o
 .debug_aranges
                0x00000b90       0x20 Src/stm32f7xx_hal_msp.o
 .debug_aranges
                0x00000bb0       0x88 Src/stm32f7xx_it.o
 .debug_aranges
                0x00000c38       0x28 Src/system_stm32f7xx.o
 .debug_aranges
                0x00000c60       0x50 Src/tim.o
 .debug_aranges
                0x00000cb0       0x30 Src/usart.o
 .debug_aranges
                0x00000ce0       0x28 startup/startup_stm32f746xx.o

.debug_ranges   0x00000000      0xc30
 .debug_ranges  0x00000000       0xf0 Drivers/STM32F7xx_HAL_Driver/Src/stm32f7xx_hal.o
 .debug_ranges  0x000000f0       0xd8 Drivers/STM32F7xx_HAL_Driver/Src/stm32f7xx_hal_adc.o
 .debug_ranges  0x000001c8       0xf8 Drivers/STM32F7xx_HAL_Driver/Src/stm32f7xx_hal_cortex.o
 .debug_ranges  0x000002c0       0x80 Drivers/STM32F7xx_HAL_Driver/Src/stm32f7xx_hal_dma.o
 .debug_ranges  0x00000340       0x48 Drivers/STM32F7xx_HAL_Driver/Src/stm32f7xx_hal_gpio.o
 .debug_ranges  0x00000388       0x78 Drivers/STM32F7xx_HAL_Driver/Src/stm32f7xx_hal_rcc.o
 .debug_ranges  0x00000400       0x40 Drivers/STM32F7xx_HAL_Driver/Src/stm32f7xx_hal_rcc_ex.o
 .debug_ranges  0x00000440      0x358 Drivers/STM32F7xx_HAL_Driver/Src/stm32f7xx_hal_tim.o
 .debug_ranges  0x00000798      0x160 Drivers/STM32F7xx_HAL_Driver/Src/stm32f7xx_hal_tim_ex.o
 .debug_ranges  0x000008f8      0x180 Drivers/STM32F7xx_HAL_Driver/Src/stm32f7xx_hal_uart.o
 .debug_ranges  0x00000a78       0x28 Src/adc.o
 .debug_ranges  0x00000aa0       0x10 Src/dma.o
 .debug_ranges  0x00000ab0       0x10 Src/gpio.o
 .debug_ranges  0x00000ac0       0x50 Src/main.o
 .debug_ranges  0x00000b10       0x10 Src/stm32f7xx_hal_msp.o
 .debug_ranges  0x00000b20       0x78 Src/stm32f7xx_it.o
 .debug_ranges  0x00000b98       0x18 Src/system_stm32f7xx.o
 .debug_ranges  0x00000bb0       0x40 Src/tim.o
 .debug_ranges  0x00000bf0       0x20 Src/usart.o
 .debug_ranges  0x00000c10       0x20 startup/startup_stm32f746xx.o

.debug_macro    0x00000000    0x27549
 .debug_macro   0x00000000      0x36d Drivers/STM32F7xx_HAL_Driver/Src/stm32f7xx_hal.o
 .debug_macro   0x0000036d      0x8bc Drivers/STM32F7xx_HAL_Driver/Src/stm32f7xx_hal.o
 .debug_macro   0x00000c29       0x28 Drivers/STM32F7xx_HAL_Driver/Src/stm32f7xx_hal.o
 .debug_macro   0x00000c51      0x185 Drivers/STM32F7xx_HAL_Driver/Src/stm32f7xx_hal.o
 .debug_macro   0x00000dd6       0x2e Drivers/STM32F7xx_HAL_Driver/Src/stm32f7xx_hal.o
 .debug_macro   0x00000e04       0x3b Drivers/STM32F7xx_HAL_Driver/Src/stm32f7xx_hal.o
 .debug_macro   0x00000e3f       0x22 Drivers/STM32F7xx_HAL_Driver/Src/stm32f7xx_hal.o
 .debug_macro   0x00000e61       0x87 Drivers/STM32F7xx_HAL_Driver/Src/stm32f7xx_hal.o
 .debug_macro   0x00000ee8       0x51 Drivers/STM32F7xx_HAL_Driver/Src/stm32f7xx_hal.o
 .debug_macro   0x00000f39       0xef Drivers/STM32F7xx_HAL_Driver/Src/stm32f7xx_hal.o
 .debug_macro   0x00001028       0x6a Drivers/STM32F7xx_HAL_Driver/Src/stm32f7xx_hal.o
 .debug_macro   0x00001092      0x1df Drivers/STM32F7xx_HAL_Driver/Src/stm32f7xx_hal.o
 .debug_macro   0x00001271       0x35 Drivers/STM32F7xx_HAL_Driver/Src/stm32f7xx_hal.o
 .debug_macro   0x000012a6       0x50 Drivers/STM32F7xx_HAL_Driver/Src/stm32f7xx_hal.o
 .debug_macro   0x000012f6     0x1114 Drivers/STM32F7xx_HAL_Driver/Src/stm32f7xx_hal.o
 .debug_macro   0x0000240a    0x1875a Drivers/STM32F7xx_HAL_Driver/Src/stm32f7xx_hal.o
 .debug_macro   0x0001ab64       0x43 Drivers/STM32F7xx_HAL_Driver/Src/stm32f7xx_hal.o
 .debug_macro   0x0001aba7     0x35cf Drivers/STM32F7xx_HAL_Driver/Src/stm32f7xx_hal.o
 .debug_macro   0x0001e176       0x58 Drivers/STM32F7xx_HAL_Driver/Src/stm32f7xx_hal.o
 .debug_macro   0x0001e1ce       0x35 Drivers/STM32F7xx_HAL_Driver/Src/stm32f7xx_hal.o
 .debug_macro   0x0001e203       0x9c Drivers/STM32F7xx_HAL_Driver/Src/stm32f7xx_hal.o
 .debug_macro   0x0001e29f       0x16 Drivers/STM32F7xx_HAL_Driver/Src/stm32f7xx_hal.o
 .debug_macro   0x0001e2b5       0x97 Drivers/STM32F7xx_HAL_Driver/Src/stm32f7xx_hal.o
 .debug_macro   0x0001e34c      0x330 Drivers/STM32F7xx_HAL_Driver/Src/stm32f7xx_hal.o
 .debug_macro   0x0001e67c       0xfd Drivers/STM32F7xx_HAL_Driver/Src/stm32f7xx_hal.o
 .debug_macro   0x0001e779       0x10 Drivers/STM32F7xx_HAL_Driver/Src/stm32f7xx_hal.o
 .debug_macro   0x0001e789       0x58 Drivers/STM32F7xx_HAL_Driver/Src/stm32f7xx_hal.o
 .debug_macro   0x0001e7e1       0x1f Drivers/STM32F7xx_HAL_Driver/Src/stm32f7xx_hal.o
 .debug_macro   0x0001e800       0x43 Drivers/STM32F7xx_HAL_Driver/Src/stm32f7xx_hal.o
 .debug_macro   0x0001e843       0x20 Drivers/STM32F7xx_HAL_Driver/Src/stm32f7xx_hal.o
 .debug_macro   0x0001e863      0x187 Drivers/STM32F7xx_HAL_Driver/Src/stm32f7xx_hal.o
 .debug_macro   0x0001e9ea       0x10 Drivers/STM32F7xx_HAL_Driver/Src/stm32f7xx_hal.o
 .debug_macro   0x0001e9fa       0x1c Drivers/STM32F7xx_HAL_Driver/Src/stm32f7xx_hal.o
 .debug_macro   0x0001ea16       0x52 Drivers/STM32F7xx_HAL_Driver/Src/stm32f7xx_hal.o
 .debug_macro   0x0001ea68       0x40 Drivers/STM32F7xx_HAL_Driver/Src/stm32f7xx_hal.o
 .debug_macro   0x0001eaa8       0x10 Drivers/STM32F7xx_HAL_Driver/Src/stm32f7xx_hal.o
 .debug_macro   0x0001eab8       0x40 Drivers/STM32F7xx_HAL_Driver/Src/stm32f7xx_hal.o
 .debug_macro   0x0001eaf8       0xd7 Drivers/STM32F7xx_HAL_Driver/Src/stm32f7xx_hal.o
 .debug_macro   0x0001ebcf       0x16 Drivers/STM32F7xx_HAL_Driver/Src/stm32f7xx_hal.o
 .debug_macro   0x0001ebe5      0x18b Drivers/STM32F7xx_HAL_Driver/Src/stm32f7xx_hal.o
 .debug_macro   0x0001ed70       0x57 Drivers/STM32F7xx_HAL_Driver/Src/stm32f7xx_hal.o
 .debug_macro   0x0001edc7     0x18ad Drivers/STM32F7xx_HAL_Driver/Src/stm32f7xx_hal.o
 .debug_macro   0x00020674      0x6ca Drivers/STM32F7xx_HAL_Driver/Src/stm32f7xx_hal.o
 .debug_macro   0x00020d3e      0x11e Drivers/STM32F7xx_HAL_Driver/Src/stm32f7xx_hal.o
 .debug_macro   0x00020e5c      0x204 Drivers/STM32F7xx_HAL_Driver/Src/stm32f7xx_hal.o
 .debug_macro   0x00021060       0x27 Drivers/STM32F7xx_HAL_Driver/Src/stm32f7xx_hal.o
 .debug_macro   0x00021087      0x24f Drivers/STM32F7xx_HAL_Driver/Src/stm32f7xx_hal.o
 .debug_macro   0x000212d6       0x41 Drivers/STM32F7xx_HAL_Driver/Src/stm32f7xx_hal.o
 .debug_macro   0x00021317       0x58 Drivers/STM32F7xx_HAL_Driver/Src/stm32f7xx_hal.o
 .debug_macro   0x0002136f      0x23a Drivers/STM32F7xx_HAL_Driver/Src/stm32f7xx_hal.o
 .debug_macro   0x000215a9      0x408 Drivers/STM32F7xx_HAL_Driver/Src/stm32f7xx_hal.o
 .debug_macro   0x000219b1      0x161 Drivers/STM32F7xx_HAL_Driver/Src/stm32f7xx_hal.o
 .debug_macro   0x00021b12      0x100 Drivers/STM32F7xx_HAL_Driver/Src/stm32f7xx_hal.o
 .debug_macro   0x00021c12      0x156 Drivers/STM32F7xx_HAL_Driver/Src/stm32f7xx_hal.o
 .debug_macro   0x00021d68      0x25d Drivers/STM32F7xx_HAL_Driver/Src/stm32f7xx_hal.o
 .debug_macro   0x00021fc5       0x12 Drivers/STM32F7xx_HAL_Driver/Src/stm32f7xx_hal.o
 .debug_macro   0x00021fd7      0x209 Drivers/STM32F7xx_HAL_Driver/Src/stm32f7xx_hal.o
 .debug_macro   0x000221e0       0x5a Drivers/STM32F7xx_HAL_Driver/Src/stm32f7xx_hal.o
 .debug_macro   0x0002223a       0x90 Drivers/STM32F7xx_HAL_Driver/Src/stm32f7xx_hal.o
 .debug_macro   0x000222ca      0x132 Drivers/STM32F7xx_HAL_Driver/Src/stm32f7xx_hal.o
 .debug_macro   0x000223fc      0x10c Drivers/STM32F7xx_HAL_Driver/Src/stm32f7xx_hal.o
 .debug_macro   0x00022508       0x35 Drivers/STM32F7xx_HAL_Driver/Src/stm32f7xx_hal.o
 .debug_macro   0x0002253d      0x65b Drivers/STM32F7xx_HAL_Driver/Src/stm32f7xx_hal.o
 .debug_macro   0x00022b98      0x256 Drivers/STM32F7xx_HAL_Driver/Src/stm32f7xx_hal.o
 .debug_macro   0x00022dee      0x169 Drivers/STM32F7xx_HAL_Driver/Src/stm32f7xx_hal.o
 .debug_macro   0x00022f57      0x4e8 Drivers/STM32F7xx_HAL_Driver/Src/stm32f7xx_hal.o
 .debug_macro   0x0002343f       0x47 Drivers/STM32F7xx_HAL_Driver/Src/stm32f7xx_hal.o
 .debug_macro   0x00023486      0x15e Drivers/STM32F7xx_HAL_Driver/Src/stm32f7xx_hal.o
 .debug_macro   0x000235e4      0x34a Drivers/STM32F7xx_HAL_Driver/Src/stm32f7xx_hal_adc.o
 .debug_macro   0x0002392e      0x349 Drivers/STM32F7xx_HAL_Driver/Src/stm32f7xx_hal_cortex.o
 .debug_macro   0x00023c77      0x350 Drivers/STM32F7xx_HAL_Driver/Src/stm32f7xx_hal_dma.o
 .debug_macro   0x00023fc7      0x381 Drivers/STM32F7xx_HAL_Driver/Src/stm32f7xx_hal_gpio.o
 .debug_macro   0x00024348      0x36d Drivers/STM32F7xx_HAL_Driver/Src/stm32f7xx_hal_rcc.o
 .debug_macro   0x000246b5      0x349 Drivers/STM32F7xx_HAL_Driver/Src/stm32f7xx_hal_rcc_ex.o
 .debug_macro   0x000249fe      0x34a Drivers/STM32F7xx_HAL_Driver/Src/stm32f7xx_hal_tim.o
 .debug_macro   0x00024d48      0x355 Drivers/STM32F7xx_HAL_Driver/Src/stm32f7xx_hal_tim_ex.o
 .debug_macro   0x0002509d      0x351 Drivers/STM32F7xx_HAL_Driver/Src/stm32f7xx_hal_uart.o
 .debug_macro   0x000253ee      0x367 Src/adc.o
 .debug_macro   0x00025755      0x353 Src/dma.o
 .debug_macro   0x00025aa8      0x353 Src/gpio.o
 .debug_macro   0x00025dfb      0x3ed Src/main.o
 .debug_macro   0x000261e8      0x1e1 Src/main.o
 .debug_macro   0x000263c9       0x16 Src/main.o
 .debug_macro   0x000263df       0x35 Src/main.o
 .debug_macro   0x00026414       0x80 Src/main.o
 .debug_macro   0x00026494       0x10 Src/main.o
 .debug_macro   0x000264a4      0x349 Src/stm32f7xx_hal_msp.o
 .debug_macro   0x000267ed      0x353 Src/stm32f7xx_it.o
 .debug_macro   0x00026b40      0x34f Src/system_stm32f7xx.o
 .debug_macro   0x00026e8f      0x35d Src/tim.o
 .debug_macro   0x000271ec      0x35d Src/usart.o

.debug_line     0x00000000     0xcd38
 .debug_line    0x00000000      0x9f8 Drivers/STM32F7xx_HAL_Driver/Src/stm32f7xx_hal.o
 .debug_line    0x000009f8      0xc22 Drivers/STM32F7xx_HAL_Driver/Src/stm32f7xx_hal_adc.o
 .debug_line    0x0000161a      0x9f3 Drivers/STM32F7xx_HAL_Driver/Src/stm32f7xx_hal_cortex.o
 .debug_line    0x0000200d      0xb02 Drivers/STM32F7xx_HAL_Driver/Src/stm32f7xx_hal_dma.o
 .debug_line    0x00002b0f      0x96b Drivers/STM32F7xx_HAL_Driver/Src/stm32f7xx_hal_gpio.o
 .debug_line    0x0000347a      0xa7f Drivers/STM32F7xx_HAL_Driver/Src/stm32f7xx_hal_rcc.o
 .debug_line    0x00003ef9      0xa0e Drivers/STM32F7xx_HAL_Driver/Src/stm32f7xx_hal_rcc_ex.o
 .debug_line    0x00004907     0x17a5 Drivers/STM32F7xx_HAL_Driver/Src/stm32f7xx_hal_tim.o
 .debug_line    0x000060ac      0xeb9 Drivers/STM32F7xx_HAL_Driver/Src/stm32f7xx_hal_tim_ex.o
 .debug_line    0x00006f65     0x118f Drivers/STM32F7xx_HAL_Driver/Src/stm32f7xx_hal_uart.o
 .debug_line    0x000080f4      0x886 Src/adc.o
 .debug_line    0x0000897a      0x7d5 Src/dma.o
 .debug_line    0x0000914f      0x7f8 Src/gpio.o
 .debug_line    0x00009947      0x9f5 Src/main.o
 .debug_line    0x0000a33c      0x7de Src/stm32f7xx_hal_msp.o
 .debug_line    0x0000ab1a      0x8d7 Src/stm32f7xx_it.o
 .debug_line    0x0000b3f1      0x806 Src/system_stm32f7xx.o
 .debug_line    0x0000bbf7      0x8a5 Src/tim.o
 .debug_line    0x0000c49c      0x81d Src/usart.o
 .debug_line    0x0000ccb9       0x7f startup/startup_stm32f746xx.o

.debug_str      0x00000000    0xeb37e
 .debug_str     0x00000000    0xe6e8e Drivers/STM32F7xx_HAL_Driver/Src/stm32f7xx_hal.o
                              0xe7284 (size before relaxing)
 .debug_str     0x000e6e8e      0x68c Drivers/STM32F7xx_HAL_Driver/Src/stm32f7xx_hal_adc.o
                              0xe6dfa (size before relaxing)
 .debug_str     0x000e751a      0x466 Drivers/STM32F7xx_HAL_Driver/Src/stm32f7xx_hal_cortex.o
                              0xe7262 (size before relaxing)
 .debug_str     0x000e7980      0x309 Drivers/STM32F7xx_HAL_Driver/Src/stm32f7xx_hal_dma.o
                              0xe6c5f (size before relaxing)
 .debug_str     0x000e7c89      0x2bf Drivers/STM32F7xx_HAL_Driver/Src/stm32f7xx_hal_gpio.o
                              0xe6aef (size before relaxing)
 .debug_str     0x000e7f48      0x3ad Drivers/STM32F7xx_HAL_Driver/Src/stm32f7xx_hal_rcc.o
                              0xe6c50 (size before relaxing)
 .debug_str     0x000e82f5      0x39a Drivers/STM32F7xx_HAL_Driver/Src/stm32f7xx_hal_rcc_ex.o
                              0xe6bca (size before relaxing)
 .debug_str     0x000e868f      0xe7f Drivers/STM32F7xx_HAL_Driver/Src/stm32f7xx_hal_tim.o
                              0xe78b0 (size before relaxing)
 .debug_str     0x000e950e      0x5a8 Drivers/STM32F7xx_HAL_Driver/Src/stm32f7xx_hal_tim_ex.o
                              0xe735f (size before relaxing)
 .debug_str     0x000e9ab6      0x82c Drivers/STM32F7xx_HAL_Driver/Src/stm32f7xx_hal_uart.o
                              0xe735d (size before relaxing)
 .debug_str     0x000ea2e2       0x7c Src/adc.o
                              0xe6d2a (size before relaxing)
 .debug_str     0x000ea35e       0x19 Src/dma.o
                              0xe6d80 (size before relaxing)
 .debug_str     0x000ea377       0x1b Src/gpio.o
                              0xe6e40 (size before relaxing)
 .debug_str     0x000ea392      0xddc Src/main.o
                              0xe8aa1 (size before relaxing)
 .debug_str     0x000eb16e       0x1b Src/stm32f7xx_hal_msp.o
                              0xe6c82 (size before relaxing)
 .debug_str     0x000eb189      0x12c Src/stm32f7xx_it.o
                              0xe6d9d (size before relaxing)
 .debug_str     0x000eb2b5       0x5a Src/system_stm32f7xx.o
                              0xe6914 (size before relaxing)
 .debug_str     0x000eb30f       0x55 Src/tim.o
                              0xe701e (size before relaxing)
 .debug_str     0x000eb364       0x1a Src/usart.o
                              0xe7376 (size before relaxing)

.comment        0x00000000       0x7f
 .comment       0x00000000       0x7f Drivers/STM32F7xx_HAL_Driver/Src/stm32f7xx_hal.o
                                 0x80 (size before relaxing)
 .comment       0x0000007f       0x80 Drivers/STM32F7xx_HAL_Driver/Src/stm32f7xx_hal_adc.o
 .comment       0x0000007f       0x80 Drivers/STM32F7xx_HAL_Driver/Src/stm32f7xx_hal_cortex.o
 .comment       0x0000007f       0x80 Drivers/STM32F7xx_HAL_Driver/Src/stm32f7xx_hal_dma.o
 .comment       0x0000007f       0x80 Drivers/STM32F7xx_HAL_Driver/Src/stm32f7xx_hal_gpio.o
 .comment       0x0000007f       0x80 Drivers/STM32F7xx_HAL_Driver/Src/stm32f7xx_hal_rcc.o
 .comment       0x0000007f       0x80 Drivers/STM32F7xx_HAL_Driver/Src/stm32f7xx_hal_rcc_ex.o
 .comment       0x0000007f       0x80 Drivers/STM32F7xx_HAL_Driver/Src/stm32f7xx_hal_tim.o
 .comment       0x0000007f       0x80 Drivers/STM32F7xx_HAL_Driver/Src/stm32f7xx_hal_tim_ex.o
 .comment       0x0000007f       0x80 Drivers/STM32F7xx_HAL_Driver/Src/stm32f7xx_hal_uart.o
 .comment       0x0000007f       0x80 Src/adc.o
 .comment       0x0000007f       0x80 Src/dma.o
 .comment       0x0000007f       0x80 Src/gpio.o
 .comment       0x0000007f       0x80 Src/main.o
 .comment       0x0000007f       0x80 Src/stm32f7xx_hal_msp.o
 .comment       0x0000007f       0x80 Src/stm32f7xx_it.o
 .comment       0x0000007f       0x80 Src/system_stm32f7xx.o
 .comment       0x0000007f       0x80 Src/tim.o
 .comment       0x0000007f       0x80 Src/usart.o

.debug_frame    0x00000000     0x2a20
 .debug_frame   0x00000000      0x20c Drivers/STM32F7xx_HAL_Driver/Src/stm32f7xx_hal.o
 .debug_frame   0x0000020c      0x27c Drivers/STM32F7xx_HAL_Driver/Src/stm32f7xx_hal_adc.o
 .debug_frame   0x00000488      0x15c Drivers/STM32F7xx_HAL_Driver/Src/stm32f7xx_hal_cortex.o
 .debug_frame   0x000005e4      0x17c Drivers/STM32F7xx_HAL_Driver/Src/stm32f7xx_hal_dma.o
 .debug_frame   0x00000760       0xd0 Drivers/STM32F7xx_HAL_Driver/Src/stm32f7xx_hal_gpio.o
 .debug_frame   0x00000830      0x180 Drivers/STM32F7xx_HAL_Driver/Src/stm32f7xx_hal_rcc.o
 .debug_frame   0x000009b0       0xcc Drivers/STM32F7xx_HAL_Driver/Src/stm32f7xx_hal_rcc_ex.o
 .debug_frame   0x00000a7c      0x9f8 Drivers/STM32F7xx_HAL_Driver/Src/stm32f7xx_hal_tim.o
 .debug_frame   0x00001474      0x44c Drivers/STM32F7xx_HAL_Driver/Src/stm32f7xx_hal_tim_ex.o
 .debug_frame   0x000018c0      0x488 Drivers/STM32F7xx_HAL_Driver/Src/stm32f7xx_hal_uart.o
 .debug_frame   0x00001d48       0x8c Src/adc.o
 .debug_frame   0x00001dd4       0x2c Src/dma.o
 .debug_frame   0x00001e00       0x3c Src/gpio.o
 .debug_frame   0x00001e3c       0xfc Src/main.o
 .debug_frame   0x00001f38       0x28 Src/stm32f7xx_hal_msp.o
 .debug_frame   0x00001f60      0x124 Src/stm32f7xx_it.o
 .debug_frame   0x00002084       0x3c Src/system_stm32f7xx.o
 .debug_frame   0x000020c0       0xc8 Src/tim.o
 .debug_frame   0x00002188       0x60 Src/usart.o
 .debug_frame   0x000021e8       0x3c d:/ac6/systemworkbench/plugins/fr.ac6.mcu.externaltools.arm-none.win32_1.15.0.201708311556/tools/compiler/bin/../lib/gcc/arm-none-eabi/6.3.1/../../../../arm-none-eabi/lib/thumb/v7e-m/fpv5-sp/hard\libm.a(lib_a-s_sin.o)
 .debug_frame   0x00002224       0x44 d:/ac6/systemworkbench/plugins/fr.ac6.mcu.externaltools.arm-none.win32_1.15.0.201708311556/tools/compiler/bin/../lib/gcc/arm-none-eabi/6.3.1/../../../../arm-none-eabi/lib/thumb/v7e-m/fpv5-sp/hard\libm.a(lib_a-e_rem_pio2.o)
 .debug_frame   0x00002268       0x68 d:/ac6/systemworkbench/plugins/fr.ac6.mcu.externaltools.arm-none.win32_1.15.0.201708311556/tools/compiler/bin/../lib/gcc/arm-none-eabi/6.3.1/../../../../arm-none-eabi/lib/thumb/v7e-m/fpv5-sp/hard\libm.a(lib_a-k_cos.o)
 .debug_frame   0x000022d0       0x50 d:/ac6/systemworkbench/plugins/fr.ac6.mcu.externaltools.arm-none.win32_1.15.0.201708311556/tools/compiler/bin/../lib/gcc/arm-none-eabi/6.3.1/../../../../arm-none-eabi/lib/thumb/v7e-m/fpv5-sp/hard\libm.a(lib_a-k_rem_pio2.o)
 .debug_frame   0x00002320       0x68 d:/ac6/systemworkbench/plugins/fr.ac6.mcu.externaltools.arm-none.win32_1.15.0.201708311556/tools/compiler/bin/../lib/gcc/arm-none-eabi/6.3.1/../../../../arm-none-eabi/lib/thumb/v7e-m/fpv5-sp/hard\libm.a(lib_a-k_sin.o)
 .debug_frame   0x00002388       0x20 d:/ac6/systemworkbench/plugins/fr.ac6.mcu.externaltools.arm-none.win32_1.15.0.201708311556/tools/compiler/bin/../lib/gcc/arm-none-eabi/6.3.1/../../../../arm-none-eabi/lib/thumb/v7e-m/fpv5-sp/hard\libm.a(lib_a-s_fabs.o)
 .debug_frame   0x000023a8       0x30 d:/ac6/systemworkbench/plugins/fr.ac6.mcu.externaltools.arm-none.win32_1.15.0.201708311556/tools/compiler/bin/../lib/gcc/arm-none-eabi/6.3.1/../../../../arm-none-eabi/lib/thumb/v7e-m/fpv5-sp/hard\libm.a(lib_a-s_floor.o)
 .debug_frame   0x000023d8       0x2c d:/ac6/systemworkbench/plugins/fr.ac6.mcu.externaltools.arm-none.win32_1.15.0.201708311556/tools/compiler/bin/../lib/gcc/arm-none-eabi/6.3.1/../../../../arm-none-eabi/lib/thumb/v7e-m/fpv5-sp/hard\libm.a(lib_a-s_scalbn.o)
 .debug_frame   0x00002404       0x20 d:/ac6/systemworkbench/plugins/fr.ac6.mcu.externaltools.arm-none.win32_1.15.0.201708311556/tools/compiler/bin/../lib/gcc/arm-none-eabi/6.3.1/../../../../arm-none-eabi/lib/thumb/v7e-m/fpv5-sp/hard\libm.a(lib_a-s_copysign.o)
 .debug_frame   0x00002424       0xac d:/ac6/systemworkbench/plugins/fr.ac6.mcu.externaltools.arm-none.win32_1.15.0.201708311556/tools/compiler/bin/../lib/gcc/arm-none-eabi/6.3.1/thumb/v7e-m/fpv5-sp/hard\libgcc.a(_arm_addsubdf3.o)
 .debug_frame   0x000024d0       0x50 d:/ac6/systemworkbench/plugins/fr.ac6.mcu.externaltools.arm-none.win32_1.15.0.201708311556/tools/compiler/bin/../lib/gcc/arm-none-eabi/6.3.1/thumb/v7e-m/fpv5-sp/hard\libgcc.a(_arm_muldivdf3.o)
 .debug_frame   0x00002520       0xc4 d:/ac6/systemworkbench/plugins/fr.ac6.mcu.externaltools.arm-none.win32_1.15.0.201708311556/tools/compiler/bin/../lib/gcc/arm-none-eabi/6.3.1/thumb/v7e-m/fpv5-sp/hard\libgcc.a(_arm_cmpdf2.o)
 .debug_frame   0x000025e4       0x24 d:/ac6/systemworkbench/plugins/fr.ac6.mcu.externaltools.arm-none.win32_1.15.0.201708311556/tools/compiler/bin/../lib/gcc/arm-none-eabi/6.3.1/thumb/v7e-m/fpv5-sp/hard\libgcc.a(_arm_fixdfsi.o)
 .debug_frame   0x00002608       0x24 d:/ac6/systemworkbench/plugins/fr.ac6.mcu.externaltools.arm-none.win32_1.15.0.201708311556/tools/compiler/bin/../lib/gcc/arm-none-eabi/6.3.1/thumb/v7e-m/fpv5-sp/hard\libgcc.a(_arm_truncdfsf2.o)
 .debug_frame   0x0000262c       0x2c d:/ac6/systemworkbench/plugins/fr.ac6.mcu.externaltools.arm-none.win32_1.15.0.201708311556/tools/compiler/bin/../lib/gcc/arm-none-eabi/6.3.1/thumb/v7e-m/fpv5-sp/hard\libgcc.a(_aeabi_uldivmod.o)
 .debug_frame   0x00002658       0x34 d:/ac6/systemworkbench/plugins/fr.ac6.mcu.externaltools.arm-none.win32_1.15.0.201708311556/tools/compiler/bin/../lib/gcc/arm-none-eabi/6.3.1/thumb/v7e-m/fpv5-sp/hard\libgcc.a(_udivmoddi4.o)
 .debug_frame   0x0000268c       0x2c d:/ac6/systemworkbench/plugins/fr.ac6.mcu.externaltools.arm-none.win32_1.15.0.201708311556/tools/compiler/bin/../lib/gcc/arm-none-eabi/6.3.1/../../../../arm-none-eabi/lib/thumb/v7e-m/fpv5-sp/hard\libc_nano.a(lib_a-init.o)
 .debug_frame   0x000026b8       0x20 d:/ac6/systemworkbench/plugins/fr.ac6.mcu.externaltools.arm-none.win32_1.15.0.201708311556/tools/compiler/bin/../lib/gcc/arm-none-eabi/6.3.1/../../../../arm-none-eabi/lib/thumb/v7e-m/fpv5-sp/hard\libc_nano.a(lib_a-memset.o)
 .debug_frame   0x000026d8       0x70 d:/ac6/systemworkbench/plugins/fr.ac6.mcu.externaltools.arm-none.win32_1.15.0.201708311556/tools/compiler/bin/../lib/gcc/arm-none-eabi/6.3.1/../../../../arm-none-eabi/lib/thumb/v7e-m/fpv5-sp/hard\libc_nano.a(lib_a-sprintf.o)
 .debug_frame   0x00002748       0x90 d:/ac6/systemworkbench/plugins/fr.ac6.mcu.externaltools.arm-none.win32_1.15.0.201708311556/tools/compiler/bin/../lib/gcc/arm-none-eabi/6.3.1/../../../../arm-none-eabi/lib/thumb/v7e-m/fpv5-sp/hard\libc_nano.a(lib_a-nano-svfprintf.o)
 .debug_frame   0x000027d8       0x60 d:/ac6/systemworkbench/plugins/fr.ac6.mcu.externaltools.arm-none.win32_1.15.0.201708311556/tools/compiler/bin/../lib/gcc/arm-none-eabi/6.3.1/../../../../arm-none-eabi/lib/thumb/v7e-m/fpv5-sp/hard\libc_nano.a(lib_a-nano-vfprintf_i.o)
 .debug_frame   0x00002838       0x28 d:/ac6/systemworkbench/plugins/fr.ac6.mcu.externaltools.arm-none.win32_1.15.0.201708311556/tools/compiler/bin/../lib/gcc/arm-none-eabi/6.3.1/../../../../arm-none-eabi/lib/thumb/v7e-m/fpv5-sp/hard\libc_nano.a(lib_a-memcpy-stub.o)
 .debug_frame   0x00002860       0x28 d:/ac6/systemworkbench/plugins/fr.ac6.mcu.externaltools.arm-none.win32_1.15.0.201708311556/tools/compiler/bin/../lib/gcc/arm-none-eabi/6.3.1/../../../../arm-none-eabi/lib/thumb/v7e-m/fpv5-sp/hard\libc_nano.a(lib_a-memmove.o)
 .debug_frame   0x00002888       0x38 d:/ac6/systemworkbench/plugins/fr.ac6.mcu.externaltools.arm-none.win32_1.15.0.201708311556/tools/compiler/bin/../lib/gcc/arm-none-eabi/6.3.1/../../../../arm-none-eabi/lib/thumb/v7e-m/fpv5-sp/hard\libc_nano.a(lib_a-nano-freer.o)
 .debug_frame   0x000028c0       0x2c d:/ac6/systemworkbench/plugins/fr.ac6.mcu.externaltools.arm-none.win32_1.15.0.201708311556/tools/compiler/bin/../lib/gcc/arm-none-eabi/6.3.1/../../../../arm-none-eabi/lib/thumb/v7e-m/fpv5-sp/hard\libc_nano.a(lib_a-nano-mallocr.o)
 .debug_frame   0x000028ec       0x3c d:/ac6/systemworkbench/plugins/fr.ac6.mcu.externaltools.arm-none.win32_1.15.0.201708311556/tools/compiler/bin/../lib/gcc/arm-none-eabi/6.3.1/../../../../arm-none-eabi/lib/thumb/v7e-m/fpv5-sp/hard\libc_nano.a(lib_a-nano-reallocr.o)
 .debug_frame   0x00002928       0x2c d:/ac6/systemworkbench/plugins/fr.ac6.mcu.externaltools.arm-none.win32_1.15.0.201708311556/tools/compiler/bin/../lib/gcc/arm-none-eabi/6.3.1/../../../../arm-none-eabi/lib/thumb/v7e-m/fpv5-sp/hard\libc_nano.a(lib_a-sbrkr.o)
 .debug_frame   0x00002954       0x30 d:/ac6/systemworkbench/plugins/fr.ac6.mcu.externaltools.arm-none.win32_1.15.0.201708311556/tools/compiler/bin/../lib/gcc/arm-none-eabi/6.3.1/../../../../arm-none-eabi/lib/thumb/v7e-m/fpv5-sp/hard\libc_nano.a(lib_a-mlock.o)
 .debug_frame   0x00002984       0x20 d:/ac6/systemworkbench/plugins/fr.ac6.mcu.externaltools.arm-none.win32_1.15.0.201708311556/tools/compiler/bin/../lib/gcc/arm-none-eabi/6.3.1/../../../../arm-none-eabi/lib/thumb/v7e-m/fpv5-sp/hard\libc_nano.a(lib_a-nano-msizer.o)
 .debug_frame   0x000029a4       0x5c d:/ac6/systemworkbench/plugins/fr.ac6.mcu.externaltools.arm-none.win32_1.15.0.201708311556/tools/compiler/bin/../lib/gcc/arm-none-eabi/6.3.1/../../../../arm-none-eabi/lib/thumb/v7e-m/fpv5-sp/hard\libc_nano.a(lib_a-reent.o)
 .debug_frame   0x00002a00       0x20 d:/ac6/systemworkbench/plugins/fr.ac6.mcu.externaltools.arm-none.win32_1.15.0.201708311556/tools/compiler/bin/../lib/gcc/arm-none-eabi/6.3.1/../../../../arm-none-eabi/lib/thumb/v7e-m/fpv5-sp/hard\libnosys.a(sbrk.o)